Archive member included to satisfy reference by file (symbol)

C:/Users/einar.rosdahl/.pico-sdk/toolchain/14_2_Rel1/bin/../lib/gcc/arm-none-eabi/14.2.1/thumb/v8-m.main+fp/softfp\libm.a(libm_a-wf_sqrt.o)
                              CMakeFiles/Bluetooch_trebuche_v2.dir/C_/Users/einar.rosdahl/.pico-sdk/sdk/2.2.0/src/rp2_common/pico_float/float_math.c.obj (sqrtf)
C:/Users/einar.rosdahl/.pico-sdk/toolchain/14_2_Rel1/bin/../lib/gcc/arm-none-eabi/14.2.1/thumb/v8-m.main+fp/softfp\libm.a(libm_a-ef_sqrt.o)
                              C:/Users/einar.rosdahl/.pico-sdk/toolchain/14_2_Rel1/bin/../lib/gcc/arm-none-eabi/14.2.1/thumb/v8-m.main+fp/softfp\libm.a(libm_a-wf_sqrt.o) (__ieee754_sqrtf)
C:/Users/einar.rosdahl/.pico-sdk/toolchain/14_2_Rel1/bin/../lib/gcc/arm-none-eabi/14.2.1/thumb/v8-m.main+fp/softfp\libgcc.a(_arm_addsubdf3.o)
                              CMakeFiles/Bluetooch_trebuche_v2.dir/C_/Users/einar.rosdahl/.pico-sdk/sdk/2.2.0/src/rp2_common/pico_float/float_math.c.obj (__aeabi_f2d)
C:/Users/einar.rosdahl/.pico-sdk/toolchain/14_2_Rel1/bin/../lib/gcc/arm-none-eabi/14.2.1/thumb/v8-m.main+fp/softfp\libgcc.a(_aeabi_ldivmod.o)
                              CMakeFiles/Bluetooch_trebuche_v2.dir/C_/Users/einar.rosdahl/.pico-sdk/sdk/2.2.0/src/common/pico_time/time.c.obj (__aeabi_ldivmod)
C:/Users/einar.rosdahl/.pico-sdk/toolchain/14_2_Rel1/bin/../lib/gcc/arm-none-eabi/14.2.1/thumb/v8-m.main+fp/softfp\libgcc.a(_aeabi_uldivmod.o)
                              CMakeFiles/Bluetooch_trebuche_v2.dir/C_/Users/einar.rosdahl/.pico-sdk/sdk/2.2.0/src/rp2_common/hardware_clocks/clocks.c.obj (__aeabi_uldivmod)
C:/Users/einar.rosdahl/.pico-sdk/toolchain/14_2_Rel1/bin/../lib/gcc/arm-none-eabi/14.2.1/thumb/v8-m.main+fp/softfp\libgcc.a(_udivmoddi4.o)
                              C:/Users/einar.rosdahl/.pico-sdk/toolchain/14_2_Rel1/bin/../lib/gcc/arm-none-eabi/14.2.1/thumb/v8-m.main+fp/softfp\libgcc.a(_aeabi_ldivmod.o) (__udivmoddi4)
C:/Users/einar.rosdahl/.pico-sdk/toolchain/14_2_Rel1/bin/../lib/gcc/arm-none-eabi/14.2.1/thumb/v8-m.main+fp/softfp\libgcc.a(_dvmd_tls.o)
                              C:/Users/einar.rosdahl/.pico-sdk/toolchain/14_2_Rel1/bin/../lib/gcc/arm-none-eabi/14.2.1/thumb/v8-m.main+fp/softfp\libgcc.a(_aeabi_ldivmod.o) (__aeabi_ldiv0)
C:/Users/einar.rosdahl/.pico-sdk/toolchain/14_2_Rel1/bin/../lib/gcc/arm-none-eabi/14.2.1/thumb/v8-m.main+fp/softfp\libg.a(libc_a-atoi.o)
                              CMakeFiles/Bluetooch_trebuche_v2.dir/C_/Users/einar.rosdahl/.pico-sdk/sdk/2.2.0/lib/lwip/src/core/netif.c.obj (atoi)
C:/Users/einar.rosdahl/.pico-sdk/toolchain/14_2_Rel1/bin/../lib/gcc/arm-none-eabi/14.2.1/thumb/v8-m.main+fp/softfp\libg.a(libc_a-calloc.o)
                              CMakeFiles/Bluetooch_trebuche_v2.dir/C_/Users/einar.rosdahl/.pico-sdk/sdk/2.2.0/src/rp2_common/pico_malloc/malloc.c.obj (calloc)
C:/Users/einar.rosdahl/.pico-sdk/toolchain/14_2_Rel1/bin/../lib/gcc/arm-none-eabi/14.2.1/thumb/v8-m.main+fp/softfp\libg.a(libc_a-callocr.o)
                              C:/Users/einar.rosdahl/.pico-sdk/toolchain/14_2_Rel1/bin/../lib/gcc/arm-none-eabi/14.2.1/thumb/v8-m.main+fp/softfp\libg.a(libc_a-calloc.o) (_calloc_r)
C:/Users/einar.rosdahl/.pico-sdk/toolchain/14_2_Rel1/bin/../lib/gcc/arm-none-eabi/14.2.1/thumb/v8-m.main+fp/softfp\libg.a(libc_a-malloc.o)
                              CMakeFiles/Bluetooch_trebuche_v2.dir/C_/Users/einar.rosdahl/.pico-sdk/sdk/2.2.0/src/rp2_common/pico_malloc/malloc.c.obj (malloc)
C:/Users/einar.rosdahl/.pico-sdk/toolchain/14_2_Rel1/bin/../lib/gcc/arm-none-eabi/14.2.1/thumb/v8-m.main+fp/softfp\libg.a(libc_a-mallocr.o)
                              C:/Users/einar.rosdahl/.pico-sdk/toolchain/14_2_Rel1/bin/../lib/gcc/arm-none-eabi/14.2.1/thumb/v8-m.main+fp/softfp\libg.a(libc_a-callocr.o) (_malloc_r)
C:/Users/einar.rosdahl/.pico-sdk/toolchain/14_2_Rel1/bin/../lib/gcc/arm-none-eabi/14.2.1/thumb/v8-m.main+fp/softfp\libg.a(libc_a-mlock.o)
                              C:/Users/einar.rosdahl/.pico-sdk/toolchain/14_2_Rel1/bin/../lib/gcc/arm-none-eabi/14.2.1/thumb/v8-m.main+fp/softfp\libg.a(libc_a-mallocr.o) (__malloc_lock)
C:/Users/einar.rosdahl/.pico-sdk/toolchain/14_2_Rel1/bin/../lib/gcc/arm-none-eabi/14.2.1/thumb/v8-m.main+fp/softfp\libg.a(libc_a-realloc.o)
                              CMakeFiles/Bluetooch_trebuche_v2.dir/C_/Users/einar.rosdahl/.pico-sdk/sdk/2.2.0/src/rp2_common/pico_malloc/malloc.c.obj (realloc)
C:/Users/einar.rosdahl/.pico-sdk/toolchain/14_2_Rel1/bin/../lib/gcc/arm-none-eabi/14.2.1/thumb/v8-m.main+fp/softfp\libg.a(libc_a-reallocr.o)
                              C:/Users/einar.rosdahl/.pico-sdk/toolchain/14_2_Rel1/bin/../lib/gcc/arm-none-eabi/14.2.1/thumb/v8-m.main+fp/softfp\libg.a(libc_a-realloc.o) (_realloc_r)
C:/Users/einar.rosdahl/.pico-sdk/toolchain/14_2_Rel1/bin/../lib/gcc/arm-none-eabi/14.2.1/thumb/v8-m.main+fp/softfp\libg.a(libc_a-strtol.o)
[...]
Memory Configuration

Name             Origin             Length             Attributes
FLASH            0x10000000         0x00400000         xr
RAM              0x20000000         0x00080000         xrw
SCRATCH_X        0x20080000         0x00001000         xrw
SCRATCH_Y        0x20081000         0x00001000         xrw
*default*        0x00000000         0xffffffff

Linker script and memory map

LOAD C:/Users/einar.rosdahl/.pico-sdk/toolchain/14_2_Rel1/bin/../lib/gcc/arm-none-eabi/14.2.1/thumb/v8-m.main+fp/softfp/crti.o
LOAD C:/Users/einar.rosdahl/.pico-sdk/toolchain/14_2_Rel1/bin/../lib/gcc/arm-none-eabi/14.2.1/thumb/v8-m.main+fp/softfp/crtbegin.o
LOAD C:/Users/einar.rosdahl/.pico-sdk/toolchain/14_2_Rel1/bin/../lib/gcc/arm-none-eabi/14.2.1/thumb/v8-m.main+fp/softfp/crt0.o

.flash_begin    0x10000000        0x0
                0x10000000                        __flash_binary_start = .

.text           0x10000000    0x117e0
                0x10000000                        __logical_binary_start = .
 *(.vectors)
 .vectors       0x10000000      0x124 CMakeFiles/Bluetooch_trebuche_v2.dir/C_/Users/einar.rosdahl/.pico-sdk/sdk/2.2.0/src/rp2_common/pico_crt0/crt0.S.obj
                0x10000000                __VECTOR_TABLE
                0x10000000                __vectors
                0x10000110                __unhandled_user_irq
                0x10000110                isr_irq49
                0x10000110                isr_irq13
                0x10000110                isr_irq43
                0x10000110                isr_irq45
                0x10000110                isr_irq27
                0x10000110                isr_irq32
                0x10000110                isr_irq31
                0x10000110                isr_irq12
                0x10000110                isr_irq5
                0x10000110                isr_irq11
                0x10000110                isr_irq3
                0x10000110                isr_irq23
                0x10000110                isr_usagefault
                0x10000110                isr_irq48
                0x10000110                isr_irq30
                0x10000110                isr_irq18
                0x10000110                isr_irq50
                0x10000110                isr_irq33
                0x10000110                isr_irq40
                0x10000110                isr_irq28
                0x10000110                isr_irq19
                0x10000110                isr_irq36
                0x10000110                isr_irq41
                0x10000110                isr_irq0
                0x10000110                isr_irq6
                0x10000110                isr_irq26
                0x10000110                isr_irq29
                0x10000110                isr_memmanage
                0x10000110                isr_irq37
                0x10000110                isr_irq42
                0x10000110                isr_irq22
                0x10000110                isr_irq35
                0x10000110                isr_irq17
                0x10000110                isr_irq38
                0x10000110                isr_irq14
                0x10000110                __vectors_end
                0x10000110                __default_isrs_start
                0x10000110                isr_irq2
                0x10000110                isr_irq10
                0x10000110                isr_irq8
                0x10000110                isr_debugmonitor
                0x10000110                isr_irq24
                0x10000110                isr_irq46
                0x10000110                isr_irq1
                0x10000110                isr_irq47
                0x10000110                isr_irq51
                0x10000110                isr_irq7
                0x10000110                isr_irq21
                0x10000110                isr_irq39
                0x10000110                isr_irq20
                0x10000110                isr_irq15
                0x10000110                isr_irq25
                0x10000110                isr_irq34
                0x10000110                isr_irq44
                0x10000110                isr_securefault
                0x10000110                isr_irq4
                0x10000110                isr_busfault
                0x10000110                isr_irq16
                0x10000110                isr_irq9
                0x10000116                unhandled_user_irq_num_in_r0
                0x10000118                isr_invalid
                0x1000011a                isr_nmi
                0x1000011c                isr_hardfault
                0x1000011e                isr_svcall
                0x10000120                isr_pendsv
                0x10000122                isr_systick
                0x10000124                __default_isrs_end
 *(.binary_info_header)
 .binary_info_header
                0x10000124       0x14 CMakeFiles/Bluetooch_trebuche_v2.dir/C_/Users/einar.rosdahl/.pico-sdk/sdk/2.2.0/src/rp2_common/pico_crt0/crt0.S.obj
                0x10000138                        __binary_info_header_end = .
 *(.embedded_block)
 .embedded_block
                0x10000138       0x14 CMakeFiles/Bluetooch_trebuche_v2.dir/C_/Users/einar.rosdahl/.pico-sdk/sdk/2.2.0/src/rp2_common/pico_crt0/crt0.S.obj
                0x1000014c                        __embedded_block_end = .
 *(.reset)
 .reset         0x1000014c       0x98 CMakeFiles/Bluetooch_trebuche_v2.dir/C_/Users/einar.rosdahl/.pico-sdk/sdk/2.2.0/src/rp2_common/pico_crt0/crt0.S.obj
                0x1000014c                _entry_point
 *(.init)
 .init          0x100001e4        0x4 C:/Users/einar.rosdahl/.pico-sdk/toolchain/14_2_Rel1/bin/../lib/gcc/arm-none-eabi/14.2.1/thumb/v8-m.main+fp/softfp/crti.o
                0x100001e4                _init
 SORT_BY_NAME(REVERSE(*libgcc.a:cmse_nonsecure_call.o))()
 *(EXCLUDE_FILE(*libm.a: *libc.a:*lib_a-mem*.o *libgcc.a:) .text*)
 .text.register_tm_clones
                0x100001e8       0x28 C:/Users/einar.rosdahl/.pico-sdk/toolchain/14_2_Rel1/bin/../lib/gcc/arm-none-eabi/14.2.1/thumb/v8-m.main+fp/softfp/crtbegin.o
 .text.frame_dummy
                0x10000210       0x24 C:/Users/einar.rosdahl/.pico-sdk/toolchain/14_2_Rel1/bin/../lib/gcc/arm-none-eabi/14.2.1/thumb/v8-m.main+fp/softfp/crtbegin.o
 .text.startup.main
                0x10000234       0x9c CMakeFiles/Bluetooch_trebuche_v2.dir/Bluetooch_trebuche_v2.c.obj
                0x10000234                main
 .text.gpio_set_function
                0x100002d0       0x3c CMakeFiles/Bluetooch_trebuche_v2.dir/C_/Users/einar.rosdahl/.pico-sdk/sdk/2.2.0/src/rp2_common/hardware_gpio/gpio.c.obj
                0x100002d0                gpio_set_function
 .text.gpio_set_pulls
                0x1000030c       0x28 CMakeFiles/Bluetooch_trebuche_v2.dir/C_/Users/einar.rosdahl/.pico-sdk/sdk/2.2.0/src/rp2_common/hardware_gpio/gpio.c.obj
                0x1000030c                gpio_set_pulls
 .text.gpio_set_input_hysteresis_enabled
                0x10000334       0x20 CMakeFiles/Bluetooch_trebuche_v2.dir/C_/Users/einar.rosdahl/.pico-sdk/sdk/2.2.0/src/rp2_common/hardware_gpio/gpio.c.obj
                0x10000334                gpio_set_input_hysteresis_enabled
 .text.gpio_set_irq_enabled
                0x10000354       0x48 CMakeFiles/Bluetooch_trebuche_v2.dir/C_/Users/einar.rosdahl/.pico-sdk/sdk/2.2.0/src/rp2_common/hardware_gpio/gpio.c.obj
                0x10000354                gpio_set_irq_enabled
 .text.gpio_add_raw_irq_handler_with_order_priority_masked
                0x1000039c       0x44 CMakeFiles/Bluetooch_trebuche_v2.dir/C_/Users/einar.rosdahl/.pico-sdk/sdk/2.2.0/src/rp2_common/hardware_gpio/gpio.c.obj
                0x1000039c                gpio_add_raw_irq_handler_with_order_priority_masked
 .text.gpio_remove_raw_irq_handler_masked
                0x100003e0       0x24 CMakeFiles/Bluetooch_trebuche_v2.dir/C_/Users/einar.rosdahl/.pico-sdk/sdk/2.2.0/src/rp2_common/hardware_gpio/gpio.c.obj
                0x100003e0                gpio_remove_raw_irq_handler_masked
 .text.gpio_init
                0x10000404       0x48 CMakeFiles/Bluetooch_trebuche_v2.dir/C_/Users/einar.rosdahl/.pico-sdk/sdk/2.2.0/src/rp2_common/hardware_gpio/gpio.c.obj
                0x10000404                gpio_init
 .text.panic    0x1000044c       0x30 CMakeFiles/Bluetooch_trebuche_v2.dir/C_/Users/einar.rosdahl/.pico-sdk/sdk/2.2.0/src/rp2_common/pico_platform_panic/panic.c.obj
                0x1000044c                panic
 .text.hw_claim_lock
                0x1000047c       0x24 CMakeFiles/Bluetooch_trebuche_v2.dir/C_/Users/einar.rosdahl/.pico-sdk/sdk/2.2.0/src/common/hardware_claim/claim.c.obj
                0x1000047c                hw_claim_lock
 .text.hw_claim_unlock
                0x100004a0       0x14 CMakeFiles/Bluetooch_trebuche_v2.dir/C_/Users/einar.rosdahl/.pico-sdk/sdk/2.2.0/src/common/hardware_claim/claim.c.obj
                0x100004a0                hw_claim_unlock
 .text.hw_claim_or_assert
                0x100004b4       0x58 CMakeFiles/Bluetooch_trebuche_v2.dir/C_/Users/einar.rosdahl/.pico-sdk/sdk/2.2.0/src/common/hardware_claim/claim.c.obj
                0x100004b4                hw_claim_or_assert
 .text.hw_claim_unused_from_range
                0x1000050c       0x80 CMakeFiles/Bluetooch_trebuche_v2.dir/C_/Users/einar.rosdahl/.pico-sdk/sdk/2.2.0/src/common/hardware_claim/claim.c.obj
                0x1000050c                hw_claim_unused_from_range
 .text.hw_claim_clear
                0x1000058c       0x50 CMakeFiles/Bluetooch_trebuche_v2.dir/C_/Users/einar.rosdahl/.pico-sdk/sdk/2.2.0/src/common/hardware_claim/claim.c.obj
                0x1000058c                hw_claim_clear
 .text.next_striped_spin_lock_num
                0x100005dc       0x18 CMakeFiles/Bluetooch_trebuche_v2.dir/C_/Users/einar.rosdahl/.pico-sdk/sdk/2.2.0/src/rp2_common/hardware_sync/sync.c.obj
                0x100005dc                next_striped_spin_lock_num
 .text.spinlock_set_extexclall
                0x100005f4       0x10 CMakeFiles/Bluetooch_trebuche_v2.dir/C_/Users/einar.rosdahl/.pico-sdk/sdk/2.2.0/src/rp2_common/hardware_sync_spin_lock/sync_spin_lock.c.obj
 .text.spin_locks_reset
                0x10000604       0x18 CMakeFiles/Bluetooch_trebuche_v2.dir/C_/Users/einar.rosdahl/.pico-sdk/sdk/2.2.0/src/rp2_common/hardware_sync_spin_lock/sync_spin_lock.c.obj
                0x10000604                spin_locks_reset
 .text.runtime_init_per_core_irq_priorities
                0x1000061c       0x40 CMakeFiles/Bluetooch_trebuche_v2.dir/C_/Users/einar.rosdahl/.pico-sdk/sdk/2.2.0/src/rp2_common/hardware_irq/irq.c.obj
                0x1000061c                runtime_init_per_core_irq_priorities
 .text.irq_set_enabled
                0x1000065c       0x2c CMakeFiles/Bluetooch_trebuche_v2.dir/C_/Users/einar.rosdahl/.pico-sdk/sdk/2.2.0/src/rp2_common/hardware_irq/irq.c.obj
                0x1000065c                irq_set_enabled
 .text.irq_set_pending
                0x10000688       0x18 CMakeFiles/Bluetooch_trebuche_v2.dir/C_/Users/einar.rosdahl/.pico-sdk/sdk/2.2.0/src/rp2_common/hardware_irq/irq.c.obj
                0x10000688                irq_set_pending
 .text.irq_set_exclusive_handler
                0x100006a0       0x60 CMakeFiles/Bluetooch_trebuche_v2.dir/C_/Users/einar.rosdahl/.pico-sdk/sdk/2.2.0/src/rp2_common/hardware_irq/irq.c.obj
                0x100006a0                irq_set_exclusive_handler
 .text.irq_add_shared_handler
                0x10000700      0x1e8 CMakeFiles/Bluetooch_trebuche_v2.dir/C_/Users/einar.rosdahl/.pico-sdk/sdk/2.2.0/src/rp2_common/hardware_irq/irq.c.obj
                0x10000700                irq_add_shared_handler
 .text.irq_remove_handler
                0x100008e8      0x1f4 CMakeFiles/Bluetooch_trebuche_v2.dir/C_/Users/einar.rosdahl/.pico-sdk/sdk/2.2.0/src/rp2_common/hardware_irq/irq.c.obj
                0x100008e8                irq_remove_handler
 .text.irq_set_priority
                0x10000adc       0x28 CMakeFiles/Bluetooch_trebuche_v2.dir/C_/Users/einar.rosdahl/.pico-sdk/sdk/2.2.0/src/rp2_common/hardware_irq/irq.c.obj
                0x10000adc                irq_set_priority
 .text.irq_add_tail_to_free_list
                0x10000b04       0xbc CMakeFiles/Bluetooch_trebuche_v2.dir/C_/Users/einar.rosdahl/.pico-sdk/sdk/2.2.0/src/rp2_common/hardware_irq/irq.c.obj
                0x10000b04                irq_add_tail_to_free_list
 .text.user_irq_unclaim
                0x10000bc0       0x10 CMakeFiles/Bluetooch_trebuche_v2.dir/C_/Users/einar.rosdahl/.pico-sdk/sdk/2.2.0/src/rp2_common/hardware_irq/irq.c.obj
                0x10000bc0                user_irq_unclaim
 .text.user_irq_claim_unused
                0x10000bd0       0x28 CMakeFiles/Bluetooch_trebuche_v2.dir/C_/Users/einar.rosdahl/.pico-sdk/sdk/2.2.0/src/rp2_common/hardware_irq/irq.c.obj
                0x10000bd0                user_irq_claim_unused
 .text.sem_init
                0x10000bf8       0x20 CMakeFiles/Bluetooch_trebuche_v2.dir/C_/Users/einar.rosdahl/.pico-sdk/sdk/2.2.0/src/common/pico_sync/sem.c.obj
                0x10000bf8                sem_init
 .text.lock_init
                0x10000c18        0xc CMakeFiles/Bluetooch_trebuche_v2.dir/C_/Users/einar.rosdahl/.pico-sdk/sdk/2.2.0/src/common/pico_sync/lock_core.c.obj
                0x10000c18                lock_init
 .text.runtime_init_mutex
                0x10000c24       0x4c CMakeFiles/Bluetooch_trebuche_v2.dir/C_/Users/einar.rosdahl/.pico-sdk/sdk/2.2.0/src/common/pico_sync/mutex.c.obj
                0x10000c24                runtime_init_mutex
 .text.recursive_mutex_init
                0x10000c70       0x1c CMakeFiles/Bluetooch_trebuche_v2.dir/C_/Users/einar.rosdahl/.pico-sdk/sdk/2.2.0/src/common/pico_sync/mutex.c.obj
                0x10000c70                recursive_mutex_init
 .text.sleep_until_callback
                0x10000c8c       0x3c CMakeFiles/Bluetooch_trebuche_v2.dir/C_/Users/einar.rosdahl/.pico-sdk/sdk/2.2.0/src/common/pico_time/time.c.obj
 .text.alarm_pool_irq_handler
                0x10000cc8      0x2f0 CMakeFiles/Bluetooch_trebuche_v2.dir/C_/Users/einar.rosdahl/.pico-sdk/sdk/2.2.0/src/common/pico_time/time.c.obj
 .text.runtime_init_default_alarm_pool
                0x10000fb8      0x100 CMakeFiles/Bluetooch_trebuche_v2.dir/C_/Users/einar.rosdahl/.pico-sdk/sdk/2.2.0/src/common/pico_time/time.c.obj
                0x10000fb8                runtime_init_default_alarm_pool
 .text.alarm_pool_get_default
                0x100010b8        0x8 CMakeFiles/Bluetooch_trebuche_v2.dir/C_/Users/einar.rosdahl/.pico-sdk/sdk/2.2.0/src/common/pico_time/time.c.obj
                0x100010b8                alarm_pool_get_default
 .text.alarm_pool_add_alarm_at
                0x100010c0       0xdc CMakeFiles/Bluetooch_trebuche_v2.dir/C_/Users/einar.rosdahl/.pico-sdk/sdk/2.2.0/src/common/pico_time/time.c.obj
                0x100010c0                alarm_pool_add_alarm_at
 .text.alarm_pool_add_alarm_at_force_in_context
                0x1000119c       0xc8 CMakeFiles/Bluetooch_trebuche_v2.dir/C_/Users/einar.rosdahl/.pico-sdk/sdk/2.2.0/src/common/pico_time/time.c.obj
                0x1000119c                alarm_pool_add_alarm_at_force_in_context
 .text.alarm_pool_cancel_alarm
                0x10001264       0x80 CMakeFiles/Bluetooch_trebuche_v2.dir/C_/Users/einar.rosdahl/.pico-sdk/sdk/2.2.0/src/common/pico_time/time.c.obj
                0x10001264                alarm_pool_cancel_alarm
 .text.sleep_until
                0x100012e4       0xbc CMakeFiles/Bluetooch_trebuche_v2.dir/C_/Users/einar.rosdahl/.pico-sdk/sdk/2.2.0/src/common/pico_time/time.c.obj
                0x100012e4                sleep_until
 .text.sleep_ms
                0x100013a0       0xdc CMakeFiles/Bluetooch_trebuche_v2.dir/C_/Users/einar.rosdahl/.pico-sdk/sdk/2.2.0/src/common/pico_time/time.c.obj
                0x100013a0                sleep_ms
 .text.best_effort_wfe_or_timeout
                0x1000147c       0xd4 CMakeFiles/Bluetooch_trebuche_v2.dir/C_/Users/einar.rosdahl/.pico-sdk/sdk/2.2.0/src/common/pico_time/time.c.obj
                0x1000147c                best_effort_wfe_or_timeout
 .text.timer_hardware_alarm_claim
                0x10001550       0x24 CMakeFiles/Bluetooch_trebuche_v2.dir/C_/Users/einar.rosdahl/.pico-sdk/sdk/2.2.0/src/rp2_common/hardware_timer/timer.c.obj
                0x10001550                timer_hardware_alarm_claim
 .text.timer_time_us_64
                0x10001574       0x10 CMakeFiles/Bluetooch_trebuche_v2.dir/C_/Users/einar.rosdahl/.pico-sdk/sdk/2.2.0/src/rp2_common/hardware_timer/timer.c.obj
                0x10001574                timer_time_us_64
 .text.time_us_64
                0x10001584       0x14 CMakeFiles/Bluetooch_trebuche_v2.dir/C_/Users/einar.rosdahl/.pico-sdk/sdk/2.2.0/src/rp2_common/hardware_timer/timer.c.obj
                0x10001584                time_us_64
 .text.busy_wait_until
                0x10001598       0x24 CMakeFiles/Bluetooch_trebuche_v2.dir/C_/Users/einar.rosdahl/.pico-sdk/sdk/2.2.0/src/rp2_common/hardware_timer/timer.c.obj
                0x10001598                busy_wait_until
 .text.clock_configure_undivided
                0x100015bc       0xd0 CMakeFiles/Bluetooch_trebuche_v2.dir/C_/Users/einar.rosdahl/.pico-sdk/sdk/2.2.0/src/rp2_common/hardware_clocks/clocks.c.obj
                0x100015bc                clock_configure_undivided
 .text.clock_get_hz
                0x1000168c        0xc CMakeFiles/Bluetooch_trebuche_v2.dir/C_/Users/einar.rosdahl/.pico-sdk/sdk/2.2.0/src/rp2_common/hardware_clocks/clocks.c.obj
                0x1000168c                clock_get_hz
 .text.pll_init
                0x10001698       0x8c CMakeFiles/Bluetooch_trebuche_v2.dir/C_/Users/einar.rosdahl/.pico-sdk/sdk/2.2.0/src/rp2_common/hardware_pll/pll.c.obj
                0x10001698                pll_init
 .text.tick_start
                0x10001724       0x18 CMakeFiles/Bluetooch_trebuche_v2.dir/C_/Users/einar.rosdahl/.pico-sdk/sdk/2.2.0/src/rp2_common/hardware_ticks/ticks.c.obj
                0x10001724                tick_start
 .text.rom_func_lookup
                0x1000173c       0x18 CMakeFiles/Bluetooch_trebuche_v2.dir/C_/Users/einar.rosdahl/.pico-sdk/sdk/2.2.0/src/rp2_common/pico_bootrom/bootrom.c.obj
                0x1000173c                rom_func_lookup
 .text.rom_get_boot_random
                0x10001754       0x48 CMakeFiles/Bluetooch_trebuche_v2.dir/C_/Users/einar.rosdahl/.pico-sdk/sdk/2.2.0/src/rp2_common/pico_bootrom/bootrom.c.obj
                0x10001754                rom_get_boot_random
 .text.runtime_init_bootrom_locking_enable
                0x1000179c       0x14 CMakeFiles/Bluetooch_trebuche_v2.dir/C_/Users/einar.rosdahl/.pico-sdk/sdk/2.2.0/src/rp2_common/pico_bootrom/bootrom_lock.c.obj
                0x1000179c                runtime_init_bootrom_locking_enable
 .text.runtime_init_boot_locks_reset
                0x100017b0       0x1c CMakeFiles/Bluetooch_trebuche_v2.dir/C_/Users/einar.rosdahl/.pico-sdk/sdk/2.2.0/src/rp2_common/hardware_boot_lock/boot_lock.c.obj
                0x100017b0                runtime_init_boot_locks_reset
 .text.xosc_init
                0x100017cc       0x30 CMakeFiles/Bluetooch_trebuche_v2.dir/C_/Users/einar.rosdahl/.pico-sdk/sdk/2.2.0/src/rp2_common/hardware_xosc/xosc.c.obj
                0x100017cc                xosc_init
 .text.first_per_core_initializer
                0x100017fc        0x4 CMakeFiles/Bluetooch_trebuche_v2.dir/C_/Users/einar.rosdahl/.pico-sdk/sdk/2.2.0/src/rp2_common/pico_runtime/runtime.c.obj
 .text.hard_assertion_failure
                0x10001800        0xc CMakeFiles/Bluetooch_trebuche_v2.dir/C_/Users/einar.rosdahl/.pico-sdk/sdk/2.2.0/src/rp2_common/pico_runtime/runtime.c.obj
                0x10001800                hard_assertion_failure
 .text.runtime_run_initializers
                0x1000180c       0x20 CMakeFiles/Bluetooch_trebuche_v2.dir/C_/Users/einar.rosdahl/.pico-sdk/sdk/2.2.0/src/rp2_common/pico_runtime/runtime.c.obj
                0x1000180c                runtime_run_initializers
 .text.runtime_init_early_resets
                0x1000182c       0x34 CMakeFiles/Bluetooch_trebuche_v2.dir/C_/Users/einar.rosdahl/.pico-sdk/sdk/2.2.0/src/rp2_common/pico_runtime_init/runtime_init.c.obj
                0x1000182c                runtime_init_early_resets
 .text.runtime_init_usb_power_down
                0x10001860       0x1c CMakeFiles/Bluetooch_trebuche_v2.dir/C_/Users/einar.rosdahl/.pico-sdk/sdk/2.2.0/src/rp2_common/pico_runtime_init/runtime_init.c.obj
                0x10001860                runtime_init_usb_power_down
 .text.runtime_init_per_core_enable_coprocessors
                0x1000187c       0x1c CMakeFiles/Bluetooch_trebuche_v2.dir/C_/Users/einar.rosdahl/.pico-sdk/sdk/2.2.0/src/rp2_common/pico_runtime_init/runtime_init.c.obj
                0x1000187c                runtime_init_per_core_enable_coprocessors
 .text.runtime_init_post_clock_resets
                0x10001898       0x20 CMakeFiles/Bluetooch_trebuche_v2.dir/C_/Users/einar.rosdahl/.pico-sdk/sdk/2.2.0/src/rp2_common/pico_runtime_init/runtime_init.c.obj
                0x10001898                runtime_init_post_clock_resets
 .text.runtime_init_bootrom_reset
                0x100018b8       0x14 CMakeFiles/Bluetooch_trebuche_v2.dir/C_/Users/einar.rosdahl/.pico-sdk/sdk/2.2.0/src/rp2_common/pico_runtime_init/runtime_init.c.obj
                0x100018b8                runtime_init_bootrom_reset
 .text.runtime_init_per_core_bootrom_reset
                0x100018cc       0x14 CMakeFiles/Bluetooch_trebuche_v2.dir/C_/Users/einar.rosdahl/.pico-sdk/sdk/2.2.0/src/rp2_common/pico_runtime_init/runtime_init.c.obj
                0x100018cc                runtime_init_per_core_bootrom_reset
 .text.runtime_init_spin_locks_reset
                0x100018e0        0x4 CMakeFiles/Bluetooch_trebuche_v2.dir/C_/Users/einar.rosdahl/.pico-sdk/sdk/2.2.0/src/rp2_common/pico_runtime_init/runtime_init.c.obj
                0x100018e0                runtime_init_spin_locks_reset
 .text.runtime_init_install_ram_vector_table
                0x100018e4       0x68 CMakeFiles/Bluetooch_trebuche_v2.dir/C_/Users/einar.rosdahl/.pico-sdk/sdk/2.2.0/src/rp2_common/pico_runtime_init/runtime_init.c.obj
                0x100018e4                runtime_init_install_ram_vector_table
 .text.runtime_init_clocks
                0x1000194c       0xdc CMakeFiles/Bluetooch_trebuche_v2.dir/C_/Users/einar.rosdahl/.pico-sdk/sdk/2.2.0/src/rp2_common/pico_runtime_init/runtime_init_clocks.c.obj
                0x1000194c                runtime_init_clocks
 .text.__rp2350_dcp_engaged_state_save_restore
                0x10001a28       0x3a CMakeFiles/Bluetooch_trebuche_v2.dir/C_/Users/einar.rosdahl/.pico-sdk/sdk/2.2.0/src/rp2_common/pico_double/double_aeabi_dcp.S.obj
 *fill*         0x10001a62        0x2 
 .text.__wrap___aeabi_dadd
                0x10001a64       0x28 CMakeFiles/Bluetooch_trebuche_v2.dir/C_/Users/einar.rosdahl/.pico-sdk/sdk/2.2.0/src/rp2_common/pico_double/double_aeabi_dcp.S.obj
                0x10001a6c                __wrap___aeabi_dadd
 .text.__wrap___aeabi_dsub
                0x10001a8c       0x28 CMakeFiles/Bluetooch_trebuche_v2.dir/C_/Users/einar.rosdahl/.pico-sdk/sdk/2.2.0/src/rp2_common/pico_double/double_aeabi_dcp.S.obj
                0x10001a94                __wrap___aeabi_dsub
 .text.__wrap___aeabi_dmul
                0x10001ab4       0x4c CMakeFiles/Bluetooch_trebuche_v2.dir/C_/Users/einar.rosdahl/.pico-sdk/sdk/2.2.0/src/rp2_common/pico_double/double_aeabi_dcp.S.obj
                0x10001abc                __wrap___aeabi_dmul
 .text.__wrap___aeabi_ddiv
                0x10001b00       0x9c CMakeFiles/Bluetooch_trebuche_v2.dir/C_/Users/einar.rosdahl/.pico-sdk/sdk/2.2.0/src/rp2_common/pico_double/double_aeabi_dcp.S.obj
                0x10001b08                __wrap___aeabi_ddiv
 .text.__wrap___aeabi_i2d
                0x10001b9c       0x24 CMakeFiles/Bluetooch_trebuche_v2.dir/C_/Users/einar.rosdahl/.pico-sdk/sdk/2.2.0/src/rp2_common/pico_double/double_aeabi_dcp.S.obj
                0x10001ba4                int2double
                0x10001ba4                __wrap___aeabi_i2d
 .text.__wrap___aeabi_ui2d
                0x10001bc0       0x24 CMakeFiles/Bluetooch_trebuche_v2.dir/C_/Users/einar.rosdahl/.pico-sdk/sdk/2.2.0/src/rp2_common/pico_double/double_aeabi_dcp.S.obj
                0x10001bc8                uint2double
                0x10001bc8                __wrap___aeabi_ui2d
 .text.__wrap___aeabi_d2iz
                0x10001be4       0x24 CMakeFiles/Bluetooch_trebuche_v2.dir/C_/Users/einar.rosdahl/.pico-sdk/sdk/2.2.0/src/rp2_common/pico_double/double_aeabi_dcp.S.obj
                0x10001bec                double2int_z
                0x10001bec                __wrap___aeabi_d2iz
 .text.__wrap___aeabi_d2uiz
                0x10001c08       0x24 CMakeFiles/Bluetooch_trebuche_v2.dir/C_/Users/einar.rosdahl/.pico-sdk/sdk/2.2.0/src/rp2_common/pico_double/double_aeabi_dcp.S.obj
                0x10001c10                double2uint
                0x10001c10                __wrap___aeabi_d2uiz
                0x10001c10                double2uint_z
 .text.__wrap___aeabi_dcmpun
                0x10001c2c       0x24 CMakeFiles/Bluetooch_trebuche_v2.dir/C_/Users/einar.rosdahl/.pico-sdk/sdk/2.2.0/src/rp2_common/pico_double/double_aeabi_dcp.S.obj
                0x10001c34                __wrap___aeabi_dcmpun
 .text.__wrap___aeabi_dcmplt
                0x10001c50       0x28 CMakeFiles/Bluetooch_trebuche_v2.dir/C_/Users/einar.rosdahl/.pico-sdk/sdk/2.2.0/src/rp2_common/pico_double/double_aeabi_dcp.S.obj
                0x10001c58                __wrap___aeabi_dcmplt
 .text.__wrap___aeabi_dcmple
                0x10001c78       0x28 CMakeFiles/Bluetooch_trebuche_v2.dir/C_/Users/einar.rosdahl/.pico-sdk/sdk/2.2.0/src/rp2_common/pico_double/double_aeabi_dcp.S.obj
                0x10001c80                __wrap___aeabi_dcmple
 .text.__wrap___aeabi_dcmpge
                0x10001ca0       0x28 CMakeFiles/Bluetooch_trebuche_v2.dir/C_/Users/einar.rosdahl/.pico-sdk/sdk/2.2.0/src/rp2_common/pico_double/double_aeabi_dcp.S.obj
                0x10001ca8                __wrap___aeabi_dcmpge
 .text.__wrap___aeabi_dcmpgt
                0x10001cc8       0x28 CMakeFiles/Bluetooch_trebuche_v2.dir/C_/Users/einar.rosdahl/.pico-sdk/sdk/2.2.0/src/rp2_common/pico_double/double_aeabi_dcp.S.obj
                0x10001cd0                __wrap___aeabi_dcmpgt
 .text._out_null
                0x10001cf0        0x4 CMakeFiles/Bluetooch_trebuche_v2.dir/C_/Users/einar.rosdahl/.pico-sdk/sdk/2.2.0/src/rp2_common/pico_printf/printf.c.obj
 .text._out_rev
                0x10001cf4       0x9c CMakeFiles/Bluetooch_trebuche_v2.dir/C_/Users/einar.rosdahl/.pico-sdk/sdk/2.2.0/src/rp2_common/pico_printf/printf.c.obj
 .text._ntoa_format
                0x10001d90      0x1d4 CMakeFiles/Bluetooch_trebuche_v2.dir/C_/Users/einar.rosdahl/.pico-sdk/sdk/2.2.0/src/rp2_common/pico_printf/printf.c.obj
 .text._out_char
                0x10001f64        0x8 CMakeFiles/Bluetooch_trebuche_v2.dir/C_/Users/einar.rosdahl/.pico-sdk/sdk/2.2.0/src/rp2_common/pico_printf/printf.c.obj
 .text._out_fct
                0x10001f6c        0xc CMakeFiles/Bluetooch_trebuche_v2.dir/C_/Users/einar.rosdahl/.pico-sdk/sdk/2.2.0/src/rp2_common/pico_printf/printf.c.obj
 .text._ftoa    0x10001f78      0x4bc CMakeFiles/Bluetooch_trebuche_v2.dir/C_/Users/einar.rosdahl/.pico-sdk/sdk/2.2.0/src/rp2_common/pico_printf/printf.c.obj
 *fill*         0x10002434        0x4 
 .text._etoa    0x10002438      0x574 CMakeFiles/Bluetooch_trebuche_v2.dir/C_/Users/einar.rosdahl/.pico-sdk/sdk/2.2.0/src/rp2_common/pico_printf/printf.c.obj
 .text._vsnprintf
                0x100029ac      0x9e4 CMakeFiles/Bluetooch_trebuche_v2.dir/C_/Users/einar.rosdahl/.pico-sdk/sdk/2.2.0/src/rp2_common/pico_printf/printf.c.obj
 .text.vfctprintf
                0x10003390       0x28 CMakeFiles/Bluetooch_trebuche_v2.dir/C_/Users/einar.rosdahl/.pico-sdk/sdk/2.2.0/src/rp2_common/pico_printf/printf.c.obj
                0x10003390                vfctprintf
 .text.weak_raw_vprintf
                0x100033b8       0x30 CMakeFiles/Bluetooch_trebuche_v2.dir/C_/Users/einar.rosdahl/.pico-sdk/sdk/2.2.0/src/rp2_common/pico_printf/printf.c.obj
                0x100033b8                weak_raw_vprintf
 .text._exit    0x100033e8        0x4 CMakeFiles/Bluetooch_trebuche_v2.dir/C_/Users/einar.rosdahl/.pico-sdk/sdk/2.2.0/src/rp2_common/pico_clib_interface/newlib_interface.c.obj
                0x100033e8                _exit
 .text.exit     0x100033ec        0x8 CMakeFiles/Bluetooch_trebuche_v2.dir/C_/Users/einar.rosdahl/.pico-sdk/sdk/2.2.0/src/rp2_common/pico_clib_interface/newlib_interface.c.obj
                0x100033ec                exit
 .text.runtime_init
                0x100033f4       0x24 CMakeFiles/Bluetooch_trebuche_v2.dir/C_/Users/einar.rosdahl/.pico-sdk/sdk/2.2.0/src/rp2_common/pico_clib_interface/newlib_interface.c.obj
                0x100033f4                runtime_init
 .text.stdio_out_chars_no_crlf
                0x10003418        0x8 CMakeFiles/Bluetooch_trebuche_v2.dir/C_/Users/einar.rosdahl/.pico-sdk/sdk/2.2.0/src/rp2_common/pico_stdio/stdio.c.obj
 .text.stdio_out_chars_crlf
                0x10003420       0xb0 CMakeFiles/Bluetooch_trebuche_v2.dir/C_/Users/einar.rosdahl/.pico-sdk/sdk/2.2.0/src/rp2_common/pico_stdio/stdio.c.obj
 .text.stdio_buffered_printer
                0x100034d0       0x60 CMakeFiles/Bluetooch_trebuche_v2.dir/C_/Users/einar.rosdahl/.pico-sdk/sdk/2.2.0/src/rp2_common/pico_stdio/stdio.c.obj
 .text.stdio_put_string
                0x10003530       0xec CMakeFiles/Bluetooch_trebuche_v2.dir/C_/Users/einar.rosdahl/.pico-sdk/sdk/2.2.0/src/rp2_common/pico_stdio/stdio.c.obj
                0x10003530                stdio_put_string
 .text.stdio_init_all
                0x1000361c        0x4 CMakeFiles/Bluetooch_trebuche_v2.dir/C_/Users/einar.rosdahl/.pico-sdk/sdk/2.2.0/src/rp2_common/pico_stdio/stdio.c.obj
                0x1000361c                stdio_init_all
 .text.__wrap_putchar
                0x10003620       0x84 CMakeFiles/Bluetooch_trebuche_v2.dir/C_/Users/einar.rosdahl/.pico-sdk/sdk/2.2.0/src/rp2_common/pico_stdio/stdio.c.obj
                0x10003620                __wrap_putchar
                0x10003620                stdio_putchar
 .text.__wrap_puts
                0x100036a4       0x3c CMakeFiles/Bluetooch_trebuche_v2.dir/C_/Users/einar.rosdahl/.pico-sdk/sdk/2.2.0/src/rp2_common/pico_stdio/stdio.c.obj
                0x100036a4                stdio_puts
                0x100036a4                __wrap_puts
 .text.__wrap_vprintf
                0x100036e0       0xc4 CMakeFiles/Bluetooch_trebuche_v2.dir/C_/Users/einar.rosdahl/.pico-sdk/sdk/2.2.0/src/rp2_common/pico_stdio/stdio.c.obj
                0x100036e0                stdio_vprintf
                0x100036e0                __wrap_vprintf
 .text.__wrap_printf
                0x100037a4       0x1c CMakeFiles/Bluetooch_trebuche_v2.dir/C_/Users/einar.rosdahl/.pico-sdk/sdk/2.2.0/src/rp2_common/pico_stdio/stdio.c.obj
                0x100037a4                __wrap_printf
                0x100037a4                stdio_printf
 .text.lwip_timeout_reached
                0x100037c0        0x4 CMakeFiles/Bluetooch_trebuche_v2.dir/C_/Users/einar.rosdahl/.pico-sdk/sdk/2.2.0/src/rp2_common/pico_lwip/lwip_nosys.c.obj
 .text.update_next_timeout
                0x100037c4       0x5c CMakeFiles/Bluetooch_trebuche_v2.dir/C_/Users/einar.rosdahl/.pico-sdk/sdk/2.2.0/src/rp2_common/pico_lwip/lwip_nosys.c.obj
 .text.lwip_nosys_init
                0x10003820       0x30 CMakeFiles/Bluetooch_trebuche_v2.dir/C_/Users/einar.rosdahl/.pico-sdk/sdk/2.2.0/src/rp2_common/pico_lwip/lwip_nosys.c.obj
                0x10003820                lwip_nosys_init
 .text.lwip_nosys_deinit
                0x10003850       0x24 CMakeFiles/Bluetooch_trebuche_v2.dir/C_/Users/einar.rosdahl/.pico-sdk/sdk/2.2.0/src/rp2_common/pico_lwip/lwip_nosys.c.obj
                0x10003850                lwip_nosys_deinit
 .text.sys_arch_protect
                0x10003874        0x4 CMakeFiles/Bluetooch_trebuche_v2.dir/C_/Users/einar.rosdahl/.pico-sdk/sdk/2.2.0/src/rp2_common/pico_lwip/lwip_nosys.c.obj
                0x10003874                sys_arch_protect
 .text.sys_arch_unprotect
                0x10003878        0x4 CMakeFiles/Bluetooch_trebuche_v2.dir/C_/Users/einar.rosdahl/.pico-sdk/sdk/2.2.0/src/rp2_common/pico_lwip/lwip_nosys.c.obj
                0x10003878                sys_arch_unprotect
 .text.sys_now  0x1000387c       0x24 CMakeFiles/Bluetooch_trebuche_v2.dir/C_/Users/einar.rosdahl/.pico-sdk/sdk/2.2.0/src/rp2_common/pico_lwip/lwip_nosys.c.obj
                0x1000387c                sys_now
 .text.async_context_base_add_at_time_worker
                0x100038a0       0x24 CMakeFiles/Bluetooch_trebuche_v2.dir/C_/Users/einar.rosdahl/.pico-sdk/sdk/2.2.0/src/rp2_common/pico_async_context/async_context_base.c.obj
                0x100038a0                async_context_base_add_at_time_worker
 .text.async_context_base_remove_at_time_worker
                0x100038c4       0x20 CMakeFiles/Bluetooch_trebuche_v2.dir/C_/Users/einar.rosdahl/.pico-sdk/sdk/2.2.0/src/rp2_common/pico_async_context/async_context_base.c.obj
                0x100038c4                async_context_base_remove_at_time_worker
 .text.async_context_base_add_when_pending_worker
                0x100038e4       0x20 CMakeFiles/Bluetooch_trebuche_v2.dir/C_/Users/einar.rosdahl/.pico-sdk/sdk/2.2.0/src/rp2_common/pico_async_context/async_context_base.c.obj
                0x100038e4                async_context_base_add_when_pending_worker
 .text.async_context_base_remove_when_pending_worker
                0x10003904       0x20 CMakeFiles/Bluetooch_trebuche_v2.dir/C_/Users/einar.rosdahl/.pico-sdk/sdk/2.2.0/src/rp2_common/pico_async_context/async_context_base.c.obj
                0x10003904                async_context_base_remove_when_pending_worker
 .text.async_context_base_execute_once
                0x10003924       0xd8 CMakeFiles/Bluetooch_trebuche_v2.dir/C_/Users/einar.rosdahl/.pico-sdk/sdk/2.2.0/src/rp2_common/pico_async_context/async_context_base.c.obj
                0x10003924                async_context_base_execute_once
 .text.splitmix64
                0x100039fc       0x70 CMakeFiles/Bluetooch_trebuche_v2.dir/C_/Users/einar.rosdahl/.pico-sdk/sdk/2.2.0/src/rp2_common/pico_rand/rand.c.obj
 .text.capture_additional_trng_samples
                0x10003a6c       0xa0 CMakeFiles/Bluetooch_trebuche_v2.dir/C_/Users/einar.rosdahl/.pico-sdk/sdk/2.2.0/src/rp2_common/pico_rand/rand.c.obj
 .text.xoroshiro128ss
                0x10003b0c       0x8c CMakeFiles/Bluetooch_trebuche_v2.dir/C_/Users/einar.rosdahl/.pico-sdk/sdk/2.2.0/src/rp2_common/pico_rand/rand.c.obj
 .text.get_rand_64
                0x10003b98      0x188 CMakeFiles/Bluetooch_trebuche_v2.dir/C_/Users/einar.rosdahl/.pico-sdk/sdk/2.2.0/src/rp2_common/pico_rand/rand.c.obj
                0x10003b98                get_rand_64
 .text.get_rand_32
                0x10003d20        0x8 CMakeFiles/Bluetooch_trebuche_v2.dir/C_/Users/einar.rosdahl/.pico-sdk/sdk/2.2.0/src/rp2_common/pico_rand/rand.c.obj
                0x10003d20                get_rand_32
 .text.startup._retrieve_unique_id_on_boot
                0x10003d28       0x30 CMakeFiles/Bluetooch_trebuche_v2.dir/C_/Users/einar.rosdahl/.pico-sdk/sdk/2.2.0/src/rp2_common/pico_unique_id/unique_id.c.obj
 .text.pico_get_unique_board_id
                0x10003d58       0x10 CMakeFiles/Bluetooch_trebuche_v2.dir/C_/Users/einar.rosdahl/.pico-sdk/sdk/2.2.0/src/rp2_common/pico_unique_id/unique_id.c.obj
                0x10003d58                pico_get_unique_board_id
 .text.lwip_init
                0x10003d68       0x28 CMakeFiles/Bluetooch_trebuche_v2.dir/C_/Users/einar.rosdahl/.pico-sdk/sdk/2.2.0/lib/lwip/src/core/init.c.obj
                0x10003d68                lwip_init
 .text.lwip_htons
                0x10003d90        0x8 CMakeFiles/Bluetooch_trebuche_v2.dir/C_/Users/einar.rosdahl/.pico-sdk/sdk/2.2.0/lib/lwip/src/core/def.c.obj
                0x10003d90                lwip_htons
 .text.lwip_htonl
                0x10003d98        0x4 CMakeFiles/Bluetooch_trebuche_v2.dir/C_/Users/einar.rosdahl/.pico-sdk/sdk/2.2.0/lib/lwip/src/core/def.c.obj
                0x10003d98                lwip_htonl
 .text.dns_call_found
                0x10003d9c      0x15c CMakeFiles/Bluetooch_trebuche_v2.dir/C_/Users/einar.rosdahl/.pico-sdk/sdk/2.2.0/lib/lwip/src/core/dns.c.obj
 .text.dns_send.isra.0
                0x10003ef8      0x168 CMakeFiles/Bluetooch_trebuche_v2.dir/C_/Users/einar.rosdahl/.pico-sdk/sdk/2.2.0/lib/lwip/src/core/dns.c.obj
 .text.dns_init
                0x10004060        0x4 CMakeFiles/Bluetooch_trebuche_v2.dir/C_/Users/einar.rosdahl/.pico-sdk/sdk/2.2.0/lib/lwip/src/core/dns.c.obj
                0x10004060                dns_init
 .text.dns_setserver
                0x10004064       0x28 CMakeFiles/Bluetooch_trebuche_v2.dir/C_/Users/einar.rosdahl/.pico-sdk/sdk/2.2.0/lib/lwip/src/core/dns.c.obj
                0x10004064                dns_setserver
 .text.dns_tmr  0x1000408c      0x134 CMakeFiles/Bluetooch_trebuche_v2.dir/C_/Users/einar.rosdahl/.pico-sdk/sdk/2.2.0/lib/lwip/src/core/dns.c.obj
                0x1000408c                dns_tmr
 .text.lwip_standard_chksum
                0x100041c0       0xcc CMakeFiles/Bluetooch_trebuche_v2.dir/C_/Users/einar.rosdahl/.pico-sdk/sdk/2.2.0/lib/lwip/src/core/inet_chksum.c.obj
                0x100041c0                lwip_standard_chksum
 .text.inet_chksum_pseudo
                0x1000428c       0x88 CMakeFiles/Bluetooch_trebuche_v2.dir/C_/Users/einar.rosdahl/.pico-sdk/sdk/2.2.0/lib/lwip/src/core/inet_chksum.c.obj
                0x1000428c                inet_chksum_pseudo
 .text.ip_chksum_pseudo
                0x10004314        0x4 CMakeFiles/Bluetooch_trebuche_v2.dir/C_/Users/einar.rosdahl/.pico-sdk/sdk/2.2.0/lib/lwip/src/core/inet_chksum.c.obj
                0x10004314                ip_chksum_pseudo
 .text.inet_chksum
                0x10004318        0xc CMakeFiles/Bluetooch_trebuche_v2.dir/C_/Users/einar.rosdahl/.pico-sdk/sdk/2.2.0/lib/lwip/src/core/inet_chksum.c.obj
                0x10004318                inet_chksum
 .text.inet_chksum_pbuf
                0x10004324       0x48 CMakeFiles/Bluetooch_trebuche_v2.dir/C_/Users/einar.rosdahl/.pico-sdk/sdk/2.2.0/lib/lwip/src/core/inet_chksum.c.obj
                0x10004324                inet_chksum_pbuf
 .text.mem_init
                0x1000436c       0x48 CMakeFiles/Bluetooch_trebuche_v2.dir/C_/Users/einar.rosdahl/.pico-sdk/sdk/2.2.0/lib/lwip/src/core/mem.c.obj
                0x1000436c                mem_init
 .text.mem_free
                0x100043b4      0x134 CMakeFiles/Bluetooch_trebuche_v2.dir/C_/Users/einar.rosdahl/.pico-sdk/sdk/2.2.0/lib/lwip/src/core/mem.c.obj
                0x100043b4                mem_free
 .text.mem_trim
                0x100044e8       0xe0 CMakeFiles/Bluetooch_trebuche_v2.dir/C_/Users/einar.rosdahl/.pico-sdk/sdk/2.2.0/lib/lwip/src/core/mem.c.obj
                0x100044e8                mem_trim
 .text.mem_malloc
                0x100045c8      0x108 CMakeFiles/Bluetooch_trebuche_v2.dir/C_/Users/einar.rosdahl/.pico-sdk/sdk/2.2.0/lib/lwip/src/core/mem.c.obj
                0x100045c8                mem_malloc
 .text.memp_init
                0x100046d0       0x58 CMakeFiles/Bluetooch_trebuche_v2.dir/C_/Users/einar.rosdahl/.pico-sdk/sdk/2.2.0/lib/lwip/src/core/memp.c.obj
                0x100046d0                memp_init
 .text.memp_malloc
                0x10004728       0x40 CMakeFiles/Bluetooch_trebuche_v2.dir/C_/Users/einar.rosdahl/.pico-sdk/sdk/2.2.0/lib/lwip/src/core/memp.c.obj
                0x10004728                memp_malloc
 .text.memp_free
                0x10004768       0x3c CMakeFiles/Bluetooch_trebuche_v2.dir/C_/Users/einar.rosdahl/.pico-sdk/sdk/2.2.0/lib/lwip/src/core/memp.c.obj
                0x10004768                memp_free
 .text.netif_null_output_ip4
                0x100047a4        0x8 CMakeFiles/Bluetooch_trebuche_v2.dir/C_/Users/einar.rosdahl/.pico-sdk/sdk/2.2.0/lib/lwip/src/core/netif.c.obj
 .text.netif_do_set_ipaddr.isra.0
                0x100047ac       0x70 CMakeFiles/Bluetooch_trebuche_v2.dir/C_/Users/einar.rosdahl/.pico-sdk/sdk/2.2.0/lib/lwip/src/core/netif.c.obj
 .text.netif_init
                0x1000481c        0x4 CMakeFiles/Bluetooch_trebuche_v2.dir/C_/Users/einar.rosdahl/.pico-sdk/sdk/2.2.0/lib/lwip/src/core/netif.c.obj
                0x1000481c                netif_init
 .text.netif_add
                0x10004820      0x148 CMakeFiles/Bluetooch_trebuche_v2.dir/C_/Users/einar.rosdahl/.pico-sdk/sdk/2.2.0/lib/lwip/src/core/netif.c.obj
                0x10004820                netif_add
 .text.netif_set_addr
                0x10004968       0xa4 CMakeFiles/Bluetooch_trebuche_v2.dir/C_/Users/einar.rosdahl/.pico-sdk/sdk/2.2.0/lib/lwip/src/core/netif.c.obj
                0x10004968                netif_set_addr
 .text.netif_remove
                0x10004a0c       0x90 CMakeFiles/Bluetooch_trebuche_v2.dir/C_/Users/einar.rosdahl/.pico-sdk/sdk/2.2.0/lib/lwip/src/core/netif.c.obj
                0x10004a0c                netif_remove
 .text.netif_set_default
                0x10004a9c        0xc CMakeFiles/Bluetooch_trebuche_v2.dir/C_/Users/einar.rosdahl/.pico-sdk/sdk/2.2.0/lib/lwip/src/core/netif.c.obj
                0x10004a9c                netif_set_default
 .text.netif_set_up
                0x10004aa8       0x44 CMakeFiles/Bluetooch_trebuche_v2.dir/C_/Users/einar.rosdahl/.pico-sdk/sdk/2.2.0/lib/lwip/src/core/netif.c.obj
                0x10004aa8                netif_set_up
 .text.netif_set_link_up
                0x10004aec       0x4c CMakeFiles/Bluetooch_trebuche_v2.dir/C_/Users/einar.rosdahl/.pico-sdk/sdk/2.2.0/lib/lwip/src/core/netif.c.obj
                0x10004aec                netif_set_link_up
 .text.netif_set_link_down
                0x10004b38       0x1c CMakeFiles/Bluetooch_trebuche_v2.dir/C_/Users/einar.rosdahl/.pico-sdk/sdk/2.2.0/lib/lwip/src/core/netif.c.obj
                0x10004b38                netif_set_link_down
 .text.netif_get_by_index
                0x10004b54       0x24 CMakeFiles/Bluetooch_trebuche_v2.dir/C_/Users/einar.rosdahl/.pico-sdk/sdk/2.2.0/lib/lwip/src/core/netif.c.obj
                0x10004b54                netif_get_by_index
 .text.pbuf_free.part.0
                0x10004b78       0x74 CMakeFiles/Bluetooch_trebuche_v2.dir/C_/Users/einar.rosdahl/.pico-sdk/sdk/2.2.0/lib/lwip/src/core/pbuf.c.obj
 .text.pbuf_free_ooseq
                0x10004bec       0x34 CMakeFiles/Bluetooch_trebuche_v2.dir/C_/Users/einar.rosdahl/.pico-sdk/sdk/2.2.0/lib/lwip/src/core/pbuf.c.obj
                0x10004bec                pbuf_free_ooseq
 .text.pbuf_alloc
                0x10004c20      0x124 CMakeFiles/Bluetooch_trebuche_v2.dir/C_/Users/einar.rosdahl/.pico-sdk/sdk/2.2.0/lib/lwip/src/core/pbuf.c.obj
                0x10004c20                pbuf_alloc
 .text.pbuf_realloc
                0x10004d44       0x88 CMakeFiles/Bluetooch_trebuche_v2.dir/C_/Users/einar.rosdahl/.pico-sdk/sdk/2.2.0/lib/lwip/src/core/pbuf.c.obj
                0x10004d44                pbuf_realloc
 .text.pbuf_add_header
                0x10004dcc       0x4c CMakeFiles/Bluetooch_trebuche_v2.dir/C_/Users/einar.rosdahl/.pico-sdk/sdk/2.2.0/lib/lwip/src/core/pbuf.c.obj
                0x10004dcc                pbuf_add_header
 .text.pbuf_remove_header
                0x10004e18       0x38 CMakeFiles/Bluetooch_trebuche_v2.dir/C_/Users/einar.rosdahl/.pico-sdk/sdk/2.2.0/lib/lwip/src/core/pbuf.c.obj
                0x10004e18                pbuf_remove_header
 .text.pbuf_header_force
                0x10004e50       0x68 CMakeFiles/Bluetooch_trebuche_v2.dir/C_/Users/einar.rosdahl/.pico-sdk/sdk/2.2.0/lib/lwip/src/core/pbuf.c.obj
                0x10004e50                pbuf_header_force
 .text.pbuf_free
                0x10004eb8       0x14 CMakeFiles/Bluetooch_trebuche_v2.dir/C_/Users/einar.rosdahl/.pico-sdk/sdk/2.2.0/lib/lwip/src/core/pbuf.c.obj
                0x10004eb8                pbuf_free
 .text.pbuf_clen
                0x10004ecc       0x14 CMakeFiles/Bluetooch_trebuche_v2.dir/C_/Users/einar.rosdahl/.pico-sdk/sdk/2.2.0/lib/lwip/src/core/pbuf.c.obj
                0x10004ecc                pbuf_clen
 .text.pbuf_ref
                0x10004ee0       0x28 CMakeFiles/Bluetooch_trebuche_v2.dir/C_/Users/einar.rosdahl/.pico-sdk/sdk/2.2.0/lib/lwip/src/core/pbuf.c.obj
                0x10004ee0                pbuf_ref
 .text.pbuf_cat
                0x10004f08       0x50 CMakeFiles/Bluetooch_trebuche_v2.dir/C_/Users/einar.rosdahl/.pico-sdk/sdk/2.2.0/lib/lwip/src/core/pbuf.c.obj
                0x10004f08                pbuf_cat
 .text.pbuf_chain
                0x10004f58       0x68 CMakeFiles/Bluetooch_trebuche_v2.dir/C_/Users/einar.rosdahl/.pico-sdk/sdk/2.2.0/lib/lwip/src/core/pbuf.c.obj
                0x10004f58                pbuf_chain
 .text.pbuf_copy_partial_pbuf
                0x10004fc0      0x148 CMakeFiles/Bluetooch_trebuche_v2.dir/C_/Users/einar.rosdahl/.pico-sdk/sdk/2.2.0/lib/lwip/src/core/pbuf.c.obj
                0x10004fc0                pbuf_copy_partial_pbuf
 .text.pbuf_copy
                0x10005108       0x10 CMakeFiles/Bluetooch_trebuche_v2.dir/C_/Users/einar.rosdahl/.pico-sdk/sdk/2.2.0/lib/lwip/src/core/pbuf.c.obj
                0x10005108                pbuf_copy
 .text.pbuf_copy_partial
                0x10005118       0x7c CMakeFiles/Bluetooch_trebuche_v2.dir/C_/Users/einar.rosdahl/.pico-sdk/sdk/2.2.0/lib/lwip/src/core/pbuf.c.obj
                0x10005118                pbuf_copy_partial
 .text.pbuf_take
                0x10005194       0x6c CMakeFiles/Bluetooch_trebuche_v2.dir/C_/Users/einar.rosdahl/.pico-sdk/sdk/2.2.0/lib/lwip/src/core/pbuf.c.obj
                0x10005194                pbuf_take
 .text.pbuf_take_at
                0x10005200       0xb4 CMakeFiles/Bluetooch_trebuche_v2.dir/C_/Users/einar.rosdahl/.pico-sdk/sdk/2.2.0/lib/lwip/src/core/pbuf.c.obj
                0x10005200                pbuf_take_at
 .text.pbuf_clone
                0x100052b4       0x2c CMakeFiles/Bluetooch_trebuche_v2.dir/C_/Users/einar.rosdahl/.pico-sdk/sdk/2.2.0/lib/lwip/src/core/pbuf.c.obj
                0x100052b4                pbuf_clone
 .text.pbuf_put_at
                0x100052e0       0x1c CMakeFiles/Bluetooch_trebuche_v2.dir/C_/Users/einar.rosdahl/.pico-sdk/sdk/2.2.0/lib/lwip/src/core/pbuf.c.obj
                0x100052e0                pbuf_put_at
 .text.raw_input
                0x100052fc      0x124 CMakeFiles/Bluetooch_trebuche_v2.dir/C_/Users/einar.rosdahl/.pico-sdk/sdk/2.2.0/lib/lwip/src/core/raw.c.obj
                0x100052fc                raw_input
 .text.raw_netif_ip_addr_changed
                0x10005420       0x3c CMakeFiles/Bluetooch_trebuche_v2.dir/C_/Users/einar.rosdahl/.pico-sdk/sdk/2.2.0/lib/lwip/src/core/raw.c.obj
                0x10005420                raw_netif_ip_addr_changed
 .text.stats_init
                0x1000545c        0x4 CMakeFiles/Bluetooch_trebuche_v2.dir/C_/Users/einar.rosdahl/.pico-sdk/sdk/2.2.0/lib/lwip/src/core/stats.c.obj
                0x1000545c                stats_init
 .text.tcp_close_shutdown_fin
                0x10005460       0x4c CMakeFiles/Bluetooch_trebuche_v2.dir/C_/Users/einar.rosdahl/.pico-sdk/sdk/2.2.0/lib/lwip/src/core/tcp.c.obj
 .text.tcp_pcb_purge.part.0
                0x100054ac       0xb0 CMakeFiles/Bluetooch_trebuche_v2.dir/C_/Users/einar.rosdahl/.pico-sdk/sdk/2.2.0/lib/lwip/src/core/tcp.c.obj
 .text.tcp_init
                0x1000555c       0x18 CMakeFiles/Bluetooch_trebuche_v2.dir/C_/Users/einar.rosdahl/.pico-sdk/sdk/2.2.0/lib/lwip/src/core/tcp.c.obj
                0x1000555c                tcp_init
 .text.tcp_free
                0x10005574       0x20 CMakeFiles/Bluetooch_trebuche_v2.dir/C_/Users/einar.rosdahl/.pico-sdk/sdk/2.2.0/lib/lwip/src/core/tcp.c.obj
                0x10005574                tcp_free
 .text.tcp_update_rcv_ann_wnd
                0x10005594       0x58 CMakeFiles/Bluetooch_trebuche_v2.dir/C_/Users/einar.rosdahl/.pico-sdk/sdk/2.2.0/lib/lwip/src/core/tcp.c.obj
                0x10005594                tcp_update_rcv_ann_wnd
 .text.tcp_recved
                0x100055ec       0x90 CMakeFiles/Bluetooch_trebuche_v2.dir/C_/Users/einar.rosdahl/.pico-sdk/sdk/2.2.0/lib/lwip/src/core/tcp.c.obj
                0x100055ec                tcp_recved
 .text.tcp_slowtmr
                0x1000567c      0x4f0 CMakeFiles/Bluetooch_trebuche_v2.dir/C_/Users/einar.rosdahl/.pico-sdk/sdk/2.2.0/lib/lwip/src/core/tcp.c.obj
                0x1000567c                tcp_slowtmr
 .text.tcp_segs_free
                0x10005b6c       0x34 CMakeFiles/Bluetooch_trebuche_v2.dir/C_/Users/einar.rosdahl/.pico-sdk/sdk/2.2.0/lib/lwip/src/core/tcp.c.obj
                0x10005b6c                tcp_segs_free
 .text.tcp_seg_free
                0x10005ba0       0x1c CMakeFiles/Bluetooch_trebuche_v2.dir/C_/Users/einar.rosdahl/.pico-sdk/sdk/2.2.0/lib/lwip/src/core/tcp.c.obj
                0x10005ba0                tcp_seg_free
 .text.tcp_seg_copy
                0x10005bbc       0x34 CMakeFiles/Bluetooch_trebuche_v2.dir/C_/Users/einar.rosdahl/.pico-sdk/sdk/2.2.0/lib/lwip/src/core/tcp.c.obj
                0x10005bbc                tcp_seg_copy
 .text.tcp_pcb_purge
                0x10005bf0       0x14 CMakeFiles/Bluetooch_trebuche_v2.dir/C_/Users/einar.rosdahl/.pico-sdk/sdk/2.2.0/lib/lwip/src/core/tcp.c.obj
                0x10005bf0                tcp_pcb_purge
 .text.tcp_pcb_remove
                0x10005c04       0xd4 CMakeFiles/Bluetooch_trebuche_v2.dir/C_/Users/einar.rosdahl/.pico-sdk/sdk/2.2.0/lib/lwip/src/core/tcp.c.obj
                0x10005c04                tcp_pcb_remove
 .text.tcp_abandon
                0x10005cd8      0x188 CMakeFiles/Bluetooch_trebuche_v2.dir/C_/Users/einar.rosdahl/.pico-sdk/sdk/2.2.0/lib/lwip/src/core/tcp.c.obj
                0x10005cd8                tcp_abandon
 .text.tcp_abort
                0x10005e60        0x8 CMakeFiles/Bluetooch_trebuche_v2.dir/C_/Users/einar.rosdahl/.pico-sdk/sdk/2.2.0/lib/lwip/src/core/tcp.c.obj
                0x10005e60                tcp_abort
 .text.tcp_alloc
                0x10005e68      0x1a0 CMakeFiles/Bluetooch_trebuche_v2.dir/C_/Users/einar.rosdahl/.pico-sdk/sdk/2.2.0/lib/lwip/src/core/tcp.c.obj
                0x10005e68                tcp_alloc
 .text.tcp_close_shutdown
                0x10006008      0x184 CMakeFiles/Bluetooch_trebuche_v2.dir/C_/Users/einar.rosdahl/.pico-sdk/sdk/2.2.0/lib/lwip/src/core/tcp.c.obj
 .text.tcp_recv_null
                0x1000618c       0xc0 CMakeFiles/Bluetooch_trebuche_v2.dir/C_/Users/einar.rosdahl/.pico-sdk/sdk/2.2.0/lib/lwip/src/core/tcp.c.obj
                0x1000618c                tcp_recv_null
 .text.tcp_process_refused_data
                0x1000624c       0x70 CMakeFiles/Bluetooch_trebuche_v2.dir/C_/Users/einar.rosdahl/.pico-sdk/sdk/2.2.0/lib/lwip/src/core/tcp.c.obj
                0x1000624c                tcp_process_refused_data
 .text.tcp_fasttmr
                0x100062bc       0x84 CMakeFiles/Bluetooch_trebuche_v2.dir/C_/Users/einar.rosdahl/.pico-sdk/sdk/2.2.0/lib/lwip/src/core/tcp.c.obj
                0x100062bc                tcp_fasttmr
 .text.tcp_tmr  0x10006340       0x24 CMakeFiles/Bluetooch_trebuche_v2.dir/C_/Users/einar.rosdahl/.pico-sdk/sdk/2.2.0/lib/lwip/src/core/tcp.c.obj
                0x10006340                tcp_tmr
 .text.tcp_next_iss
                0x10006364       0x24 CMakeFiles/Bluetooch_trebuche_v2.dir/C_/Users/einar.rosdahl/.pico-sdk/sdk/2.2.0/lib/lwip/src/core/tcp.c.obj
                0x10006364                tcp_next_iss
 .text.tcp_eff_send_mss_netif
                0x10006388       0x28 CMakeFiles/Bluetooch_trebuche_v2.dir/C_/Users/einar.rosdahl/.pico-sdk/sdk/2.2.0/lib/lwip/src/core/tcp.c.obj
                0x10006388                tcp_eff_send_mss_netif
 .text.tcp_netif_ip_addr_changed
                0x100063b0       0x94 CMakeFiles/Bluetooch_trebuche_v2.dir/C_/Users/einar.rosdahl/.pico-sdk/sdk/2.2.0/lib/lwip/src/core/tcp.c.obj
                0x100063b0                tcp_netif_ip_addr_changed
 .text.tcp_free_ooseq
                0x10006444       0x38 CMakeFiles/Bluetooch_trebuche_v2.dir/C_/Users/einar.rosdahl/.pico-sdk/sdk/2.2.0/lib/lwip/src/core/tcp.c.obj
                0x10006444                tcp_free_ooseq
 .text.tcp_parseopt
                0x1000647c      0x1a8 CMakeFiles/Bluetooch_trebuche_v2.dir/C_/Users/einar.rosdahl/.pico-sdk/sdk/2.2.0/lib/lwip/src/core/tcp_in.c.obj
 .text.tcp_oos_insert_segment
                0x10006624       0x88 CMakeFiles/Bluetooch_trebuche_v2.dir/C_/Users/einar.rosdahl/.pico-sdk/sdk/2.2.0/lib/lwip/src/core/tcp_in.c.obj
 .text.tcp_free_acked_segments.isra.0
                0x100066ac       0xb0 CMakeFiles/Bluetooch_trebuche_v2.dir/C_/Users/einar.rosdahl/.pico-sdk/sdk/2.2.0/lib/lwip/src/core/tcp_in.c.obj
 .text.tcp_receive
                0x1000675c      0x8b0 CMakeFiles/Bluetooch_trebuche_v2.dir/C_/Users/einar.rosdahl/.pico-sdk/sdk/2.2.0/lib/lwip/src/core/tcp_in.c.obj
 .text.tcp_input
                0x1000700c      0xce4 CMakeFiles/Bluetooch_trebuche_v2.dir/C_/Users/einar.rosdahl/.pico-sdk/sdk/2.2.0/lib/lwip/src/core/tcp_in.c.obj
                0x1000700c                tcp_input
 .text.tcp_trigger_input_pcb_close
                0x10007cf0       0x10 CMakeFiles/Bluetooch_trebuche_v2.dir/C_/Users/einar.rosdahl/.pico-sdk/sdk/2.2.0/lib/lwip/src/core/tcp_in.c.obj
                0x10007cf0                tcp_trigger_input_pcb_close
 .text.tcp_create_segment
                0x10007d00       0xc4 CMakeFiles/Bluetooch_trebuche_v2.dir/C_/Users/einar.rosdahl/.pico-sdk/sdk/2.2.0/lib/lwip/src/core/tcp_out.c.obj
 .text.tcp_output_control_segment
                0x10007dc4       0xa8 CMakeFiles/Bluetooch_trebuche_v2.dir/C_/Users/einar.rosdahl/.pico-sdk/sdk/2.2.0/lib/lwip/src/core/tcp_out.c.obj
 .text.tcp_split_unsent_seg
                0x10007e6c      0x180 CMakeFiles/Bluetooch_trebuche_v2.dir/C_/Users/einar.rosdahl/.pico-sdk/sdk/2.2.0/lib/lwip/src/core/tcp_out.c.obj
                0x10007e6c                tcp_split_unsent_seg
 .text.tcp_send_fin
                0x10007fec      0x100 CMakeFiles/Bluetooch_trebuche_v2.dir/C_/Users/einar.rosdahl/.pico-sdk/sdk/2.2.0/lib/lwip/src/core/tcp_out.c.obj
                0x10007fec                tcp_send_fin
 .text.tcp_enqueue_flags
                0x100080ec      0x110 CMakeFiles/Bluetooch_trebuche_v2.dir/C_/Users/einar.rosdahl/.pico-sdk/sdk/2.2.0/lib/lwip/src/core/tcp_out.c.obj
                0x100080ec                tcp_enqueue_flags
 .text.tcp_rexmit_rto_prepare
                0x100081fc       0x74 CMakeFiles/Bluetooch_trebuche_v2.dir/C_/Users/einar.rosdahl/.pico-sdk/sdk/2.2.0/lib/lwip/src/core/tcp_out.c.obj
                0x100081fc                tcp_rexmit_rto_prepare
 .text.tcp_rexmit
                0x10008270       0x78 CMakeFiles/Bluetooch_trebuche_v2.dir/C_/Users/einar.rosdahl/.pico-sdk/sdk/2.2.0/lib/lwip/src/core/tcp_out.c.obj
                0x10008270                tcp_rexmit
 .text.tcp_rexmit_fast
                0x100082e8       0x64 CMakeFiles/Bluetooch_trebuche_v2.dir/C_/Users/einar.rosdahl/.pico-sdk/sdk/2.2.0/lib/lwip/src/core/tcp_out.c.obj
                0x100082e8                tcp_rexmit_fast
 .text.tcp_rst  0x1000834c       0xb4 CMakeFiles/Bluetooch_trebuche_v2.dir/C_/Users/einar.rosdahl/.pico-sdk/sdk/2.2.0/lib/lwip/src/core/tcp_out.c.obj
                0x1000834c                tcp_rst
 .text.tcp_rst_netif
                0x10008400       0xfc CMakeFiles/Bluetooch_trebuche_v2.dir/C_/Users/einar.rosdahl/.pico-sdk/sdk/2.2.0/lib/lwip/src/core/tcp_out.c.obj
                0x10008400                tcp_rst_netif
 .text.tcp_send_empty_ack
                0x100084fc       0xc4 CMakeFiles/Bluetooch_trebuche_v2.dir/C_/Users/einar.rosdahl/.pico-sdk/sdk/2.2.0/lib/lwip/src/core/tcp_out.c.obj
                0x100084fc                tcp_send_empty_ack
 .text.tcp_output
                0x100085c0      0x398 CMakeFiles/Bluetooch_trebuche_v2.dir/C_/Users/einar.rosdahl/.pico-sdk/sdk/2.2.0/lib/lwip/src/core/tcp_out.c.obj
                0x100085c0                tcp_output
 .text.tcp_rexmit_rto_commit
                0x10008958       0x24 CMakeFiles/Bluetooch_trebuche_v2.dir/C_/Users/einar.rosdahl/.pico-sdk/sdk/2.2.0/lib/lwip/src/core/tcp_out.c.obj
                0x10008958                tcp_rexmit_rto_commit
 .text.tcp_rexmit_rto
                0x1000897c       0x84 CMakeFiles/Bluetooch_trebuche_v2.dir/C_/Users/einar.rosdahl/.pico-sdk/sdk/2.2.0/lib/lwip/src/core/tcp_out.c.obj
                0x1000897c                tcp_rexmit_rto
 .text.tcp_keepalive
                0x10008a00       0xa8 CMakeFiles/Bluetooch_trebuche_v2.dir/C_/Users/einar.rosdahl/.pico-sdk/sdk/2.2.0/lib/lwip/src/core/tcp_out.c.obj
                0x10008a00                tcp_keepalive
 .text.tcp_zero_window_probe
                0x10008aa8      0x148 CMakeFiles/Bluetooch_trebuche_v2.dir/C_/Users/einar.rosdahl/.pico-sdk/sdk/2.2.0/lib/lwip/src/core/tcp_out.c.obj
                0x10008aa8                tcp_zero_window_probe
 .text.tcpip_tcp_timer
                0x10008bf0       0x70 CMakeFiles/Bluetooch_trebuche_v2.dir/C_/Users/einar.rosdahl/.pico-sdk/sdk/2.2.0/lib/lwip/src/core/timeouts.c.obj
 .text.lwip_cyclic_timer
                0x10008c60       0x90 CMakeFiles/Bluetooch_trebuche_v2.dir/C_/Users/einar.rosdahl/.pico-sdk/sdk/2.2.0/lib/lwip/src/core/timeouts.c.obj
 .text.tcp_timer_needed
                0x10008cf0       0x74 CMakeFiles/Bluetooch_trebuche_v2.dir/C_/Users/einar.rosdahl/.pico-sdk/sdk/2.2.0/lib/lwip/src/core/timeouts.c.obj
                0x10008cf0                tcp_timer_needed
 .text.sys_timeouts_init
                0x10008d64       0x84 CMakeFiles/Bluetooch_trebuche_v2.dir/C_/Users/einar.rosdahl/.pico-sdk/sdk/2.2.0/lib/lwip/src/core/timeouts.c.obj
                0x10008d64                sys_timeouts_init
 .text.sys_check_timeouts
                0x10008de8       0x5c CMakeFiles/Bluetooch_trebuche_v2.dir/C_/Users/einar.rosdahl/.pico-sdk/sdk/2.2.0/lib/lwip/src/core/timeouts.c.obj
                0x10008de8                sys_check_timeouts
 .text.sys_timeouts_sleeptime
                0x10008e44       0x24 CMakeFiles/Bluetooch_trebuche_v2.dir/C_/Users/einar.rosdahl/.pico-sdk/sdk/2.2.0/lib/lwip/src/core/timeouts.c.obj
                0x10008e44                sys_timeouts_sleeptime
 .text.udp_init
                0x10008e68       0x18 CMakeFiles/Bluetooch_trebuche_v2.dir/C_/Users/einar.rosdahl/.pico-sdk/sdk/2.2.0/lib/lwip/src/core/udp.c.obj
                0x10008e68                udp_init
 .text.udp_input
                0x10008e80      0x2ec CMakeFiles/Bluetooch_trebuche_v2.dir/C_/Users/einar.rosdahl/.pico-sdk/sdk/2.2.0/lib/lwip/src/core/udp.c.obj
                0x10008e80                udp_input
 .text.udp_bind
                0x1000916c       0xf4 CMakeFiles/Bluetooch_trebuche_v2.dir/C_/Users/einar.rosdahl/.pico-sdk/sdk/2.2.0/lib/lwip/src/core/udp.c.obj
                0x1000916c                udp_bind
 .text.udp_sendto_if_src
                0x10009260      0x118 CMakeFiles/Bluetooch_trebuche_v2.dir/C_/Users/einar.rosdahl/.pico-sdk/sdk/2.2.0/lib/lwip/src/core/udp.c.obj
                0x10009260                udp_sendto_if_src
 .text.udp_sendto_if
                0x10009378       0x40 CMakeFiles/Bluetooch_trebuche_v2.dir/C_/Users/einar.rosdahl/.pico-sdk/sdk/2.2.0/lib/lwip/src/core/udp.c.obj
                0x10009378                udp_sendto_if
 .text.udp_sendto
                0x100093b8       0x7c CMakeFiles/Bluetooch_trebuche_v2.dir/C_/Users/einar.rosdahl/.pico-sdk/sdk/2.2.0/lib/lwip/src/core/udp.c.obj
                0x100093b8                udp_sendto
 .text.udp_connect
                0x10009434       0x58 CMakeFiles/Bluetooch_trebuche_v2.dir/C_/Users/einar.rosdahl/.pico-sdk/sdk/2.2.0/lib/lwip/src/core/udp.c.obj
                0x10009434                udp_connect
 .text.udp_recv
                0x1000948c        0x8 CMakeFiles/Bluetooch_trebuche_v2.dir/C_/Users/einar.rosdahl/.pico-sdk/sdk/2.2.0/lib/lwip/src/core/udp.c.obj
                0x1000948c                udp_recv
 .text.udp_remove
                0x10009494       0x34 CMakeFiles/Bluetooch_trebuche_v2.dir/C_/Users/einar.rosdahl/.pico-sdk/sdk/2.2.0/lib/lwip/src/core/udp.c.obj
                0x10009494                udp_remove
 .text.udp_new  0x100094c8       0x1c CMakeFiles/Bluetooch_trebuche_v2.dir/C_/Users/einar.rosdahl/.pico-sdk/sdk/2.2.0/lib/lwip/src/core/udp.c.obj
                0x100094c8                udp_new
 .text.udp_netif_ip_addr_changed
                0x100094e4       0x3c CMakeFiles/Bluetooch_trebuche_v2.dir/C_/Users/einar.rosdahl/.pico-sdk/sdk/2.2.0/lib/lwip/src/core/udp.c.obj
                0x100094e4                udp_netif_ip_addr_changed
 .text.dhcp_create_msg
                0x10009520      0x108 CMakeFiles/Bluetooch_trebuche_v2.dir/C_/Users/einar.rosdahl/.pico-sdk/sdk/2.2.0/lib/lwip/src/core/ipv4/dhcp.c.obj
 .text.dhcp_inc_pcb_refcount
                0x10009628       0x64 CMakeFiles/Bluetooch_trebuche_v2.dir/C_/Users/einar.rosdahl/.pico-sdk/sdk/2.2.0/lib/lwip/src/core/ipv4/dhcp.c.obj
 .text.dhcp_bind
                0x1000968c      0x140 CMakeFiles/Bluetooch_trebuche_v2.dir/C_/Users/einar.rosdahl/.pico-sdk/sdk/2.2.0/lib/lwip/src/core/ipv4/dhcp.c.obj
 .text.dhcp_option_hostname.isra.0
                0x100097cc       0x7c CMakeFiles/Bluetooch_trebuche_v2.dir/C_/Users/einar.rosdahl/.pico-sdk/sdk/2.2.0/lib/lwip/src/core/ipv4/dhcp.c.obj
 .text.dhcp_handle_ack.isra.0
                0x10009848       0xbc CMakeFiles/Bluetooch_trebuche_v2.dir/C_/Users/einar.rosdahl/.pico-sdk/sdk/2.2.0/lib/lwip/src/core/ipv4/dhcp.c.obj
 .text.dhcp_reboot.isra.0
                0x10009904      0x19c CMakeFiles/Bluetooch_trebuche_v2.dir/C_/Users/einar.rosdahl/.pico-sdk/sdk/2.2.0/lib/lwip/src/core/ipv4/dhcp.c.obj
 .text.dhcp_discover.isra.0
                0x10009aa0      0x140 CMakeFiles/Bluetooch_trebuche_v2.dir/C_/Users/einar.rosdahl/.pico-sdk/sdk/2.2.0/lib/lwip/src/core/ipv4/dhcp.c.obj
 .text.dhcp_select.isra.0
                0x10009be0      0x1f8 CMakeFiles/Bluetooch_trebuche_v2.dir/C_/Users/einar.rosdahl/.pico-sdk/sdk/2.2.0/lib/lwip/src/core/ipv4/dhcp.c.obj
 .text.dhcp_recv
                0x10009dd8      0x5c0 CMakeFiles/Bluetooch_trebuche_v2.dir/C_/Users/einar.rosdahl/.pico-sdk/sdk/2.2.0/lib/lwip/src/core/ipv4/dhcp.c.obj
 .text.dhcp_set_struct
                0x1000a398       0x3c CMakeFiles/Bluetooch_trebuche_v2.dir/C_/Users/einar.rosdahl/.pico-sdk/sdk/2.2.0/lib/lwip/src/core/ipv4/dhcp.c.obj
                0x1000a398                dhcp_set_struct
 .text.dhcp_start
                0x1000a3d4       0xa4 CMakeFiles/Bluetooch_trebuche_v2.dir/C_/Users/einar.rosdahl/.pico-sdk/sdk/2.2.0/lib/lwip/src/core/ipv4/dhcp.c.obj
                0x1000a3d4                dhcp_start
 .text.dhcp_network_changed_link_up
                0x1000a478       0x40 CMakeFiles/Bluetooch_trebuche_v2.dir/C_/Users/einar.rosdahl/.pico-sdk/sdk/2.2.0/lib/lwip/src/core/ipv4/dhcp.c.obj
                0x1000a478                dhcp_network_changed_link_up
 .text.dhcp_renew
                0x1000a4b8      0x154 CMakeFiles/Bluetooch_trebuche_v2.dir/C_/Users/einar.rosdahl/.pico-sdk/sdk/2.2.0/lib/lwip/src/core/ipv4/dhcp.c.obj
                0x1000a4b8                dhcp_renew
 .text.dhcp_release_and_stop
                0x1000a60c      0x158 CMakeFiles/Bluetooch_trebuche_v2.dir/C_/Users/einar.rosdahl/.pico-sdk/sdk/2.2.0/lib/lwip/src/core/ipv4/dhcp.c.obj
                0x1000a60c                dhcp_release_and_stop
 .text.dhcp_coarse_tmr
                0x1000a764      0x1e4 CMakeFiles/Bluetooch_trebuche_v2.dir/C_/Users/einar.rosdahl/.pico-sdk/sdk/2.2.0/lib/lwip/src/core/ipv4/dhcp.c.obj
                0x1000a764                dhcp_coarse_tmr
 .text.dhcp_fine_tmr
                0x1000a948       0xa0 CMakeFiles/Bluetooch_trebuche_v2.dir/C_/Users/einar.rosdahl/.pico-sdk/sdk/2.2.0/lib/lwip/src/core/ipv4/dhcp.c.obj
                0x1000a948                dhcp_fine_tmr
 .text.dhcp_stop
                0x1000a9e8      0x158 CMakeFiles/Bluetooch_trebuche_v2.dir/C_/Users/einar.rosdahl/.pico-sdk/sdk/2.2.0/lib/lwip/src/core/ipv4/dhcp.c.obj
                0x1000a9e8                dhcp_stop
 .text.etharp_find_entry
                0x1000ab40      0x3cc CMakeFiles/Bluetooch_trebuche_v2.dir/C_/Users/einar.rosdahl/.pico-sdk/sdk/2.2.0/lib/lwip/src/core/ipv4/etharp.c.obj
 .text.etharp_raw
                0x1000af0c       0xd4 CMakeFiles/Bluetooch_trebuche_v2.dir/C_/Users/einar.rosdahl/.pico-sdk/sdk/2.2.0/lib/lwip/src/core/ipv4/etharp.c.obj
 .text.etharp_output_to_arp_index
                0x1000afe0       0xb8 CMakeFiles/Bluetooch_trebuche_v2.dir/C_/Users/einar.rosdahl/.pico-sdk/sdk/2.2.0/lib/lwip/src/core/ipv4/etharp.c.obj
 .text.etharp_tmr
                0x1000b098       0x84 CMakeFiles/Bluetooch_trebuche_v2.dir/C_/Users/einar.rosdahl/.pico-sdk/sdk/2.2.0/lib/lwip/src/core/ipv4/etharp.c.obj
                0x1000b098                etharp_tmr
 .text.etharp_cleanup_netif
                0x1000b11c      0x164 CMakeFiles/Bluetooch_trebuche_v2.dir/C_/Users/einar.rosdahl/.pico-sdk/sdk/2.2.0/lib/lwip/src/core/ipv4/etharp.c.obj
                0x1000b11c                etharp_cleanup_netif
 .text.etharp_input
                0x1000b280      0x174 CMakeFiles/Bluetooch_trebuche_v2.dir/C_/Users/einar.rosdahl/.pico-sdk/sdk/2.2.0/lib/lwip/src/core/ipv4/etharp.c.obj
                0x1000b280                etharp_input
 .text.etharp_query
                0x1000b3f4      0x180 CMakeFiles/Bluetooch_trebuche_v2.dir/C_/Users/einar.rosdahl/.pico-sdk/sdk/2.2.0/lib/lwip/src/core/ipv4/etharp.c.obj
                0x1000b3f4                etharp_query
 .text.etharp_output
                0x1000b574      0x224 CMakeFiles/Bluetooch_trebuche_v2.dir/C_/Users/einar.rosdahl/.pico-sdk/sdk/2.2.0/lib/lwip/src/core/ipv4/etharp.c.obj
                0x1000b574                etharp_output
 .text.etharp_request
                0x1000b798       0xd0 CMakeFiles/Bluetooch_trebuche_v2.dir/C_/Users/einar.rosdahl/.pico-sdk/sdk/2.2.0/lib/lwip/src/core/ipv4/etharp.c.obj
                0x1000b798                etharp_request
 .text.icmp_input
                0x1000b868      0x1b8 CMakeFiles/Bluetooch_trebuche_v2.dir/C_/Users/einar.rosdahl/.pico-sdk/sdk/2.2.0/lib/lwip/src/core/ipv4/icmp.c.obj
                0x1000b868                icmp_input
 .text.icmp_dest_unreach
                0x1000ba20       0xac CMakeFiles/Bluetooch_trebuche_v2.dir/C_/Users/einar.rosdahl/.pico-sdk/sdk/2.2.0/lib/lwip/src/core/ipv4/icmp.c.obj
                0x1000ba20                icmp_dest_unreach
 .text.icmp_time_exceeded
                0x1000bacc       0xac CMakeFiles/Bluetooch_trebuche_v2.dir/C_/Users/einar.rosdahl/.pico-sdk/sdk/2.2.0/lib/lwip/src/core/ipv4/icmp.c.obj
                0x1000bacc                icmp_time_exceeded
 .text.ip_reass_free_complete_datagram
                0x1000bb78       0xe4 CMakeFiles/Bluetooch_trebuche_v2.dir/C_/Users/einar.rosdahl/.pico-sdk/sdk/2.2.0/lib/lwip/src/core/ipv4/ip4_frag.c.obj
 .text.ip_reass_remove_oldest_datagram
                0x1000bc5c       0xc0 CMakeFiles/Bluetooch_trebuche_v2.dir/C_/Users/einar.rosdahl/.pico-sdk/sdk/2.2.0/lib/lwip/src/core/ipv4/ip4_frag.c.obj
 .text.ip_reass_tmr
                0x1000bd1c       0x30 CMakeFiles/Bluetooch_trebuche_v2.dir/C_/Users/einar.rosdahl/.pico-sdk/sdk/2.2.0/lib/lwip/src/core/ipv4/ip4_frag.c.obj
                0x1000bd1c                ip_reass_tmr
 .text.ip4_reass
                0x1000bd4c      0x41c CMakeFiles/Bluetooch_trebuche_v2.dir/C_/Users/einar.rosdahl/.pico-sdk/sdk/2.2.0/lib/lwip/src/core/ipv4/ip4_frag.c.obj
                0x1000bd4c                ip4_reass
 .text.ip4_frag
                0x1000c168      0x22c CMakeFiles/Bluetooch_trebuche_v2.dir/C_/Users/einar.rosdahl/.pico-sdk/sdk/2.2.0/lib/lwip/src/core/ipv4/ip4_frag.c.obj
                0x1000c168                ip4_frag
 .text.ip4_route
                0x1000c394       0x6c CMakeFiles/Bluetooch_trebuche_v2.dir/C_/Users/einar.rosdahl/.pico-sdk/sdk/2.2.0/lib/lwip/src/core/ipv4/ip4.c.obj
                0x1000c394                ip4_route
 .text.ip4_input
                0x1000c400      0x2b0 CMakeFiles/Bluetooch_trebuche_v2.dir/C_/Users/einar.rosdahl/.pico-sdk/sdk/2.2.0/lib/lwip/src/core/ipv4/ip4.c.obj
                0x1000c400                ip4_input
 .text.ip4_output_if
                0x1000c6b0      0x138 CMakeFiles/Bluetooch_trebuche_v2.dir/C_/Users/einar.rosdahl/.pico-sdk/sdk/2.2.0/lib/lwip/src/core/ipv4/ip4.c.obj
                0x1000c6b0                ip4_output_if
 .text.ip4_output_if_src
                0x1000c7e8      0x138 CMakeFiles/Bluetooch_trebuche_v2.dir/C_/Users/einar.rosdahl/.pico-sdk/sdk/2.2.0/lib/lwip/src/core/ipv4/ip4.c.obj
                0x1000c7e8                ip4_output_if_src
 .text.ip4_addr_isbroadcast_u32
                0x1000c920       0x38 CMakeFiles/Bluetooch_trebuche_v2.dir/C_/Users/einar.rosdahl/.pico-sdk/sdk/2.2.0/lib/lwip/src/core/ipv4/ip4_addr.c.obj
                0x1000c920                ip4_addr_isbroadcast_u32
 .text.ethernet_input
                0x1000c958       0xc4 CMakeFiles/Bluetooch_trebuche_v2.dir/C_/Users/einar.rosdahl/.pico-sdk/sdk/2.2.0/lib/lwip/src/netif/ethernet.c.obj
                0x1000c958                ethernet_input
 .text.ethernet_output
                0x1000ca1c       0x60 CMakeFiles/Bluetooch_trebuche_v2.dir/C_/Users/einar.rosdahl/.pico-sdk/sdk/2.2.0/lib/lwip/src/netif/ethernet.c.obj
                0x1000ca1c                ethernet_output
 .text.cyw43_arch_wifi_connect_bssid_until.part.0
                0x1000ca7c      0x12c CMakeFiles/Bluetooch_trebuche_v2.dir/C_/Users/einar.rosdahl/.pico-sdk/sdk/2.2.0/src/rp2_common/pico_cyw43_arch/cyw43_arch.c.obj
 .text.cyw43_arch_set_async_context
                0x1000cba8        0xc CMakeFiles/Bluetooch_trebuche_v2.dir/C_/Users/einar.rosdahl/.pico-sdk/sdk/2.2.0/src/rp2_common/pico_cyw43_arch/cyw43_arch.c.obj
                0x1000cba8                cyw43_arch_set_async_context
 .text.cyw43_arch_enable_sta_mode
                0x1000cbb4       0x18 CMakeFiles/Bluetooch_trebuche_v2.dir/C_/Users/einar.rosdahl/.pico-sdk/sdk/2.2.0/src/rp2_common/pico_cyw43_arch/cyw43_arch.c.obj
                0x1000cbb4                cyw43_arch_enable_sta_mode
 .text.cyw43_arch_wifi_connect_timeout_ms
                0x1000cbcc       0x7c CMakeFiles/Bluetooch_trebuche_v2.dir/C_/Users/einar.rosdahl/.pico-sdk/sdk/2.2.0/src/rp2_common/pico_cyw43_arch/cyw43_arch.c.obj
                0x1000cbcc                cyw43_arch_wifi_connect_timeout_ms
 .text.cyw43_arch_async_context
                0x1000cc48        0xc CMakeFiles/Bluetooch_trebuche_v2.dir/C_/Users/einar.rosdahl/.pico-sdk/sdk/2.2.0/src/rp2_common/pico_cyw43_arch/cyw43_arch.c.obj
                0x1000cc48                cyw43_arch_async_context
 .text.cyw43_arch_init
                0x1000cc54       0x70 CMakeFiles/Bluetooch_trebuche_v2.dir/C_/Users/einar.rosdahl/.pico-sdk/sdk/2.2.0/src/rp2_common/pico_cyw43_arch/cyw43_arch_threadsafe_background.c.obj
                0x1000cc54                cyw43_arch_init
 .text.ns_delay.constprop.0
                0x1000ccc4       0x24 CMakeFiles/Bluetooch_trebuche_v2.dir/C_/Users/einar.rosdahl/.pico-sdk/sdk/2.2.0/src/rp2_common/pico_cyw43_driver/cyw43_bus_pio_spi.c.obj
 .text.cyw43_spi_deinit
                0x1000cce8       0x6c CMakeFiles/Bluetooch_trebuche_v2.dir/C_/Users/einar.rosdahl/.pico-sdk/sdk/2.2.0/src/rp2_common/pico_cyw43_driver/cyw43_bus_pio_spi.c.obj
                0x1000cce8                cyw43_spi_deinit
 .text.cyw43_spi_init
                0x1000cd54      0x128 CMakeFiles/Bluetooch_trebuche_v2.dir/C_/Users/einar.rosdahl/.pico-sdk/sdk/2.2.0/src/rp2_common/pico_cyw43_driver/cyw43_bus_pio_spi.c.obj
                0x1000cd54                cyw43_spi_init
 .text.cyw43_spi_transfer
                0x1000ce7c      0x39c CMakeFiles/Bluetooch_trebuche_v2.dir/C_/Users/einar.rosdahl/.pico-sdk/sdk/2.2.0/src/rp2_common/pico_cyw43_driver/cyw43_bus_pio_spi.c.obj
                0x1000ce7c                cyw43_spi_transfer
 .text.cyw43_spi_gpio_setup
                0x1000d218       0x40 CMakeFiles/Bluetooch_trebuche_v2.dir/C_/Users/einar.rosdahl/.pico-sdk/sdk/2.2.0/src/rp2_common/pico_cyw43_driver/cyw43_bus_pio_spi.c.obj
                0x1000d218                cyw43_spi_gpio_setup
 .text.cyw43_spi_reset
                0x1000d258       0x30 CMakeFiles/Bluetooch_trebuche_v2.dir/C_/Users/einar.rosdahl/.pico-sdk/sdk/2.2.0/src/rp2_common/pico_cyw43_driver/cyw43_bus_pio_spi.c.obj
                0x1000d258                cyw43_spi_reset
 .text.read_reg_u32_swap
                0x1000d288       0x44 CMakeFiles/Bluetooch_trebuche_v2.dir/C_/Users/einar.rosdahl/.pico-sdk/sdk/2.2.0/src/rp2_common/pico_cyw43_driver/cyw43_bus_pio_spi.c.obj
                0x1000d288                read_reg_u32_swap
 .text.cyw43_read_reg_u32
                0x1000d2cc       0x54 CMakeFiles/Bluetooch_trebuche_v2.dir/C_/Users/einar.rosdahl/.pico-sdk/sdk/2.2.0/src/rp2_common/pico_cyw43_driver/cyw43_bus_pio_spi.c.obj
                0x1000d2cc                cyw43_read_reg_u32
 .text.cyw43_read_reg_u16
                0x1000d320       0x58 CMakeFiles/Bluetooch_trebuche_v2.dir/C_/Users/einar.rosdahl/.pico-sdk/sdk/2.2.0/src/rp2_common/pico_cyw43_driver/cyw43_bus_pio_spi.c.obj
                0x1000d320                cyw43_read_reg_u16
 .text.cyw43_read_reg_u8
                0x1000d378       0x58 CMakeFiles/Bluetooch_trebuche_v2.dir/C_/Users/einar.rosdahl/.pico-sdk/sdk/2.2.0/src/rp2_common/pico_cyw43_driver/cyw43_bus_pio_spi.c.obj
                0x1000d378                cyw43_read_reg_u8
 .text.write_reg_u32_swap
                0x1000d3d0      0x1cc CMakeFiles/Bluetooch_trebuche_v2.dir/C_/Users/einar.rosdahl/.pico-sdk/sdk/2.2.0/src/rp2_common/pico_cyw43_driver/cyw43_bus_pio_spi.c.obj
                0x1000d3d0                write_reg_u32_swap
 .text.cyw43_write_reg_u32
                0x1000d59c      0x1c8 CMakeFiles/Bluetooch_trebuche_v2.dir/C_/Users/einar.rosdahl/.pico-sdk/sdk/2.2.0/src/rp2_common/pico_cyw43_driver/cyw43_bus_pio_spi.c.obj
                0x1000d59c                cyw43_write_reg_u32
 .text.cyw43_write_reg_u16
                0x1000d764      0x1c8 CMakeFiles/Bluetooch_trebuche_v2.dir/C_/Users/einar.rosdahl/.pico-sdk/sdk/2.2.0/src/rp2_common/pico_cyw43_driver/cyw43_bus_pio_spi.c.obj
                0x1000d764                cyw43_write_reg_u16
 .text.cyw43_write_reg_u8
                0x1000d92c      0x1c8 CMakeFiles/Bluetooch_trebuche_v2.dir/C_/Users/einar.rosdahl/.pico-sdk/sdk/2.2.0/src/rp2_common/pico_cyw43_driver/cyw43_bus_pio_spi.c.obj
                0x1000d92c                cyw43_write_reg_u8
 .text.cyw43_read_bytes
                0x1000daf4       0x84 CMakeFiles/Bluetooch_trebuche_v2.dir/C_/Users/einar.rosdahl/.pico-sdk/sdk/2.2.0/src/rp2_common/pico_cyw43_driver/cyw43_bus_pio_spi.c.obj
                0x1000daf4                cyw43_read_bytes
 .text.cyw43_write_bytes
                0x1000db78       0xcc CMakeFiles/Bluetooch_trebuche_v2.dir/C_/Users/einar.rosdahl/.pico-sdk/sdk/2.2.0/src/rp2_common/pico_cyw43_driver/cyw43_bus_pio_spi.c.obj
                0x1000db78                cyw43_write_bytes
 .text.cyw43_set_backplane_window
                0x1000dc44       0x70 CMakeFiles/Bluetooch_trebuche_v2.dir/C_/Users/einar.rosdahl/.pico-sdk/sdk/2.2.0/lib/cyw43-driver/src/cyw43_ll.c.obj
 .text.cyw43_ll_parse_async_event
                0x1000dcb4      0x114 CMakeFiles/Bluetooch_trebuche_v2.dir/C_/Users/einar.rosdahl/.pico-sdk/sdk/2.2.0/lib/cyw43-driver/src/cyw43_ll.c.obj
 .text.cyw43_kso_set
                0x1000ddc8       0x78 CMakeFiles/Bluetooch_trebuche_v2.dir/C_/Users/einar.rosdahl/.pico-sdk/sdk/2.2.0/lib/cyw43-driver/src/cyw43_ll.c.obj
 .text.cyw43_ll_sdpcm_poll_device
                0x1000de40      0x230 CMakeFiles/Bluetooch_trebuche_v2.dir/C_/Users/einar.rosdahl/.pico-sdk/sdk/2.2.0/lib/cyw43-driver/src/cyw43_ll.c.obj
 .text.cyw43_sdpcm_send_common
                0x1000e070       0xe8 CMakeFiles/Bluetooch_trebuche_v2.dir/C_/Users/einar.rosdahl/.pico-sdk/sdk/2.2.0/lib/cyw43-driver/src/cyw43_ll.c.obj
 .text.cyw43_do_ioctl.part.0
                0x1000e158       0xb8 CMakeFiles/Bluetooch_trebuche_v2.dir/C_/Users/einar.rosdahl/.pico-sdk/sdk/2.2.0/lib/cyw43-driver/src/cyw43_ll.c.obj
 .text.cyw43_write_iovar_u32.constprop.0
                0x1000e210       0x74 CMakeFiles/Bluetooch_trebuche_v2.dir/C_/Users/einar.rosdahl/.pico-sdk/sdk/2.2.0/lib/cyw43-driver/src/cyw43_ll.c.obj
 .text.cyw43_write_iovar_n
                0x1000e284       0x80 CMakeFiles/Bluetooch_trebuche_v2.dir/C_/Users/einar.rosdahl/.pico-sdk/sdk/2.2.0/lib/cyw43-driver/src/cyw43_ll.c.obj
 .text.cyw43_write_iovar_u32_u32.constprop.0
                0x1000e304       0xa0 CMakeFiles/Bluetooch_trebuche_v2.dir/C_/Users/einar.rosdahl/.pico-sdk/sdk/2.2.0/lib/cyw43-driver/src/cyw43_ll.c.obj
 .text.cyw43_read_backplane.constprop.0
                0x1000e3a4       0xe4 CMakeFiles/Bluetooch_trebuche_v2.dir/C_/Users/einar.rosdahl/.pico-sdk/sdk/2.2.0/lib/cyw43-driver/src/cyw43_ll.c.obj
 .text.cyw43_write_backplane
                0x1000e488       0xf8 CMakeFiles/Bluetooch_trebuche_v2.dir/C_/Users/einar.rosdahl/.pico-sdk/sdk/2.2.0/lib/cyw43-driver/src/cyw43_ll.c.obj
 .text.reset_device_core.constprop.0
                0x1000e580      0x3ac CMakeFiles/Bluetooch_trebuche_v2.dir/C_/Users/einar.rosdahl/.pico-sdk/sdk/2.2.0/lib/cyw43-driver/src/cyw43_ll.c.obj
 .text.cyw43_ll_init
                0x1000e92c       0x18 CMakeFiles/Bluetooch_trebuche_v2.dir/C_/Users/einar.rosdahl/.pico-sdk/sdk/2.2.0/lib/cyw43-driver/src/cyw43_ll.c.obj
                0x1000e92c                cyw43_ll_init
 .text.cyw43_ll_deinit
                0x1000e944        0x4 CMakeFiles/Bluetooch_trebuche_v2.dir/C_/Users/einar.rosdahl/.pico-sdk/sdk/2.2.0/lib/cyw43-driver/src/cyw43_ll.c.obj
                0x1000e944                cyw43_ll_deinit
 .text.cyw43_ll_send_ethernet
                0x1000e948       0x54 CMakeFiles/Bluetooch_trebuche_v2.dir/C_/Users/einar.rosdahl/.pico-sdk/sdk/2.2.0/lib/cyw43-driver/src/cyw43_ll.c.obj
                0x1000e948                cyw43_ll_send_ethernet
 .text.cyw43_ll_process_packets
                0x1000e99c       0x44 CMakeFiles/Bluetooch_trebuche_v2.dir/C_/Users/einar.rosdahl/.pico-sdk/sdk/2.2.0/lib/cyw43-driver/src/cyw43_ll.c.obj
                0x1000e99c                cyw43_ll_process_packets
 .text.cyw43_ll_ioctl
                0x1000e9e0       0x78 CMakeFiles/Bluetooch_trebuche_v2.dir/C_/Users/einar.rosdahl/.pico-sdk/sdk/2.2.0/lib/cyw43-driver/src/cyw43_ll.c.obj
                0x1000e9e0                cyw43_ll_ioctl
 .text.cyw43_ll_bus_sleep
                0x1000ea58       0x30 CMakeFiles/Bluetooch_trebuche_v2.dir/C_/Users/einar.rosdahl/.pico-sdk/sdk/2.2.0/lib/cyw43-driver/src/cyw43_ll.c.obj
                0x1000ea58                cyw43_ll_bus_sleep
 .text.cyw43_ll_wifi_on
                0x1000ea88      0x208 CMakeFiles/Bluetooch_trebuche_v2.dir/C_/Users/einar.rosdahl/.pico-sdk/sdk/2.2.0/lib/cyw43-driver/src/cyw43_ll.c.obj
                0x1000ea88                cyw43_ll_wifi_on
 .text.cyw43_ll_wifi_get_mac
                0x1000ec90       0x84 CMakeFiles/Bluetooch_trebuche_v2.dir/C_/Users/einar.rosdahl/.pico-sdk/sdk/2.2.0/lib/cyw43-driver/src/cyw43_ll.c.obj
                0x1000ec90                cyw43_ll_wifi_get_mac
 .text.cyw43_ll_bus_init
                0x1000ed14      0x840 CMakeFiles/Bluetooch_trebuche_v2.dir/C_/Users/einar.rosdahl/.pico-sdk/sdk/2.2.0/lib/cyw43-driver/src/cyw43_ll.c.obj
                0x1000ed14                cyw43_ll_bus_init
 .text.cyw43_ll_wifi_pm
                0x1000f554      0x114 CMakeFiles/Bluetooch_trebuche_v2.dir/C_/Users/einar.rosdahl/.pico-sdk/sdk/2.2.0/lib/cyw43-driver/src/cyw43_ll.c.obj
                0x1000f554                cyw43_ll_wifi_pm
 .text.cyw43_ll_wifi_join
                0x1000f668      0x490 CMakeFiles/Bluetooch_trebuche_v2.dir/C_/Users/einar.rosdahl/.pico-sdk/sdk/2.2.0/lib/cyw43-driver/src/cyw43_ll.c.obj
                0x1000f668                cyw43_ll_wifi_join
 .text.cyw43_ll_wifi_set_wpa_auth
                0x1000faf8       0x48 CMakeFiles/Bluetooch_trebuche_v2.dir/C_/Users/einar.rosdahl/.pico-sdk/sdk/2.2.0/lib/cyw43-driver/src/cyw43_ll.c.obj
                0x1000faf8                cyw43_ll_wifi_set_wpa_auth
 .text.cyw43_ll_wifi_rejoin
                0x1000fb40       0x74 CMakeFiles/Bluetooch_trebuche_v2.dir/C_/Users/einar.rosdahl/.pico-sdk/sdk/2.2.0/lib/cyw43-driver/src/cyw43_ll.c.obj
                0x1000fb40                cyw43_ll_wifi_rejoin
 .text.cyw43_ll_wifi_ap_init
                0x1000fbb4      0x47c CMakeFiles/Bluetooch_trebuche_v2.dir/C_/Users/einar.rosdahl/.pico-sdk/sdk/2.2.0/lib/cyw43-driver/src/cyw43_ll.c.obj
                0x1000fbb4                cyw43_ll_wifi_ap_init
 .text.cyw43_ll_wifi_ap_set_up
                0x10010030       0x6c CMakeFiles/Bluetooch_trebuche_v2.dir/C_/Users/einar.rosdahl/.pico-sdk/sdk/2.2.0/lib/cyw43-driver/src/cyw43_ll.c.obj
                0x10010030                cyw43_ll_wifi_ap_set_up
 .text.cyw43_ll_has_work
                0x1001009c       0x14 CMakeFiles/Bluetooch_trebuche_v2.dir/C_/Users/einar.rosdahl/.pico-sdk/sdk/2.2.0/lib/cyw43-driver/src/cyw43_ll.c.obj
                0x1001009c                cyw43_ll_has_work
 .text.cyw43_netif_init
                0x100100b0       0x3c CMakeFiles/Bluetooch_trebuche_v2.dir/C_/Users/einar.rosdahl/.pico-sdk/sdk/2.2.0/lib/cyw43-driver/src/cyw43_lwip.c.obj
 .text.cyw43_netif_output
                0x100100ec       0x34 CMakeFiles/Bluetooch_trebuche_v2.dir/C_/Users/einar.rosdahl/.pico-sdk/sdk/2.2.0/lib/cyw43-driver/src/cyw43_lwip.c.obj
 .text.cyw43_cb_tcpip_init
                0x10010120       0xe4 CMakeFiles/Bluetooch_trebuche_v2.dir/C_/Users/einar.rosdahl/.pico-sdk/sdk/2.2.0/lib/cyw43-driver/src/cyw43_lwip.c.obj
                0x10010120                cyw43_cb_tcpip_init
 .text.cyw43_cb_tcpip_deinit
                0x10010204       0x40 CMakeFiles/Bluetooch_trebuche_v2.dir/C_/Users/einar.rosdahl/.pico-sdk/sdk/2.2.0/lib/cyw43-driver/src/cyw43_lwip.c.obj
                0x10010204                cyw43_cb_tcpip_deinit
 .text.cyw43_cb_process_ethernet
                0x10010244       0x54 CMakeFiles/Bluetooch_trebuche_v2.dir/C_/Users/einar.rosdahl/.pico-sdk/sdk/2.2.0/lib/cyw43-driver/src/cyw43_lwip.c.obj
                0x10010244                cyw43_cb_process_ethernet
 .text.cyw43_cb_tcpip_set_link_up
                0x10010298        0xc CMakeFiles/Bluetooch_trebuche_v2.dir/C_/Users/einar.rosdahl/.pico-sdk/sdk/2.2.0/lib/cyw43-driver/src/cyw43_lwip.c.obj
                0x10010298                cyw43_cb_tcpip_set_link_up
 .text.cyw43_cb_tcpip_set_link_down
                0x100102a4        0xc CMakeFiles/Bluetooch_trebuche_v2.dir/C_/Users/einar.rosdahl/.pico-sdk/sdk/2.2.0/lib/cyw43-driver/src/cyw43_lwip.c.obj
                0x100102a4                cyw43_cb_tcpip_set_link_down
 .text.cyw43_tcpip_link_status
                0x100102b0       0x24 CMakeFiles/Bluetooch_trebuche_v2.dir/C_/Users/einar.rosdahl/.pico-sdk/sdk/2.2.0/lib/cyw43-driver/src/cyw43_lwip.c.obj
                0x100102b0                cyw43_tcpip_link_status
 .text.cyw43_ensure_up
                0x100102d4       0x78 CMakeFiles/Bluetooch_trebuche_v2.dir/C_/Users/einar.rosdahl/.pico-sdk/sdk/2.2.0/lib/cyw43-driver/src/cyw43_ctrl.c.obj
 .text.cyw43_poll_func
                0x1001034c       0xb8 CMakeFiles/Bluetooch_trebuche_v2.dir/C_/Users/einar.rosdahl/.pico-sdk/sdk/2.2.0/lib/cyw43-driver/src/cyw43_ctrl.c.obj
 .text.cyw43_init
                0x10010404       0x5c CMakeFiles/Bluetooch_trebuche_v2.dir/C_/Users/einar.rosdahl/.pico-sdk/sdk/2.2.0/lib/cyw43-driver/src/cyw43_ctrl.c.obj
                0x10010404                cyw43_init
 .text.cyw43_deinit
                0x10010460       0x80 CMakeFiles/Bluetooch_trebuche_v2.dir/C_/Users/einar.rosdahl/.pico-sdk/sdk/2.2.0/lib/cyw43-driver/src/cyw43_ctrl.c.obj
                0x10010460                cyw43_deinit
 .text.cyw43_cb_read_host_interrupt_pin
                0x100104e0        0xc CMakeFiles/Bluetooch_trebuche_v2.dir/C_/Users/einar.rosdahl/.pico-sdk/sdk/2.2.0/lib/cyw43-driver/src/cyw43_ctrl.c.obj
                0x100104e0                cyw43_cb_read_host_interrupt_pin
 .text.cyw43_cb_ensure_awake
                0x100104ec        0xc CMakeFiles/Bluetooch_trebuche_v2.dir/C_/Users/einar.rosdahl/.pico-sdk/sdk/2.2.0/lib/cyw43-driver/src/cyw43_ctrl.c.obj
                0x100104ec                cyw43_cb_ensure_awake
 .text.cyw43_cb_process_async_event
                0x100104f8      0x23c CMakeFiles/Bluetooch_trebuche_v2.dir/C_/Users/einar.rosdahl/.pico-sdk/sdk/2.2.0/lib/cyw43-driver/src/cyw43_ctrl.c.obj
                0x100104f8                cyw43_cb_process_async_event
 .text.cyw43_send_ethernet
                0x10010734       0xac CMakeFiles/Bluetooch_trebuche_v2.dir/C_/Users/einar.rosdahl/.pico-sdk/sdk/2.2.0/lib/cyw43-driver/src/cyw43_ctrl.c.obj
                0x10010734                cyw43_send_ethernet
 .text.cyw43_wifi_get_mac
                0x100107e0       0x10 CMakeFiles/Bluetooch_trebuche_v2.dir/C_/Users/einar.rosdahl/.pico-sdk/sdk/2.2.0/lib/cyw43-driver/src/cyw43_ctrl.c.obj
                0x100107e0                cyw43_wifi_get_mac
 .text.cyw43_wifi_set_up
                0x100107f0      0x14c CMakeFiles/Bluetooch_trebuche_v2.dir/C_/Users/einar.rosdahl/.pico-sdk/sdk/2.2.0/lib/cyw43-driver/src/cyw43_ctrl.c.obj
                0x100107f0                cyw43_wifi_set_up
 .text.cyw43_wifi_link_status
                0x1001093c       0x20 CMakeFiles/Bluetooch_trebuche_v2.dir/C_/Users/einar.rosdahl/.pico-sdk/sdk/2.2.0/lib/cyw43-driver/src/cyw43_ctrl.c.obj
                0x1001093c                cyw43_wifi_link_status
 .text.cyw43_wifi_join
                0x1001095c       0x70 CMakeFiles/Bluetooch_trebuche_v2.dir/C_/Users/einar.rosdahl/.pico-sdk/sdk/2.2.0/lib/cyw43-driver/src/cyw43_ctrl.c.obj
                0x1001095c                cyw43_wifi_join
 .text.pio_sm_set_pindirs_with_mask64
                0x100109cc       0x68 CMakeFiles/Bluetooch_trebuche_v2.dir/C_/Users/einar.rosdahl/.pico-sdk/sdk/2.2.0/src/rp2_common/hardware_pio/pio.c.obj
                0x100109cc                pio_sm_set_pindirs_with_mask64
 .text.pio_sm_set_consecutive_pindirs
                0x10010a34       0x8c CMakeFiles/Bluetooch_trebuche_v2.dir/C_/Users/einar.rosdahl/.pico-sdk/sdk/2.2.0/src/rp2_common/hardware_pio/pio.c.obj
                0x10010a34                pio_sm_set_consecutive_pindirs
 .text.pio_claim_free_sm_and_add_program_for_gpio_range
                0x10010ac0      0x170 CMakeFiles/Bluetooch_trebuche_v2.dir/C_/Users/einar.rosdahl/.pico-sdk/sdk/2.2.0/src/rp2_common/hardware_pio/pio.c.obj
                0x10010ac0                pio_claim_free_sm_and_add_program_for_gpio_range
 .text.pio_remove_program_and_unclaim_sm
                0x10010c30       0x4c CMakeFiles/Bluetooch_trebuche_v2.dir/C_/Users/einar.rosdahl/.pico-sdk/sdk/2.2.0/src/rp2_common/hardware_pio/pio.c.obj
                0x10010c30                pio_remove_program_and_unclaim_sm
 .text.dma_channel_unclaim
                0x10010c7c        0xc CMakeFiles/Bluetooch_trebuche_v2.dir/C_/Users/einar.rosdahl/.pico-sdk/sdk/2.2.0/src/rp2_common/hardware_dma/dma.c.obj
                0x10010c7c                dma_channel_unclaim
 .text.dma_claim_unused_channel
                0x10010c88       0x20 CMakeFiles/Bluetooch_trebuche_v2.dir/C_/Users/einar.rosdahl/.pico-sdk/sdk/2.2.0/src/rp2_common/hardware_dma/dma.c.obj
                0x10010c88                dma_claim_unused_channel
 .text.dma_channel_cleanup
                0x10010ca8       0x50 CMakeFiles/Bluetooch_trebuche_v2.dir/C_/Users/einar.rosdahl/.pico-sdk/sdk/2.2.0/src/rp2_common/hardware_dma/dma.c.obj
                0x10010ca8                dma_channel_cleanup
 .text.cyw43_sleep_timeout_reached
                0x10010cf8        0xc CMakeFiles/Bluetooch_trebuche_v2.dir/C_/Users/einar.rosdahl/.pico-sdk/sdk/2.2.0/src/rp2_common/pico_cyw43_driver/cyw43_driver.c.obj
 .text.cyw43_irq_init
                0x10010d04       0x28 CMakeFiles/Bluetooch_trebuche_v2.dir/C_/Users/einar.rosdahl/.pico-sdk/sdk/2.2.0/src/rp2_common/pico_cyw43_driver/cyw43_driver.c.obj
                0x10010d04                cyw43_irq_init
 .text.cyw43_irq_deinit
                0x10010d2c       0x20 CMakeFiles/Bluetooch_trebuche_v2.dir/C_/Users/einar.rosdahl/.pico-sdk/sdk/2.2.0/src/rp2_common/pico_cyw43_driver/cyw43_driver.c.obj
                0x10010d2c                cyw43_irq_deinit
 .text.cyw43_gpio_irq_handler
                0x10010d4c       0x48 CMakeFiles/Bluetooch_trebuche_v2.dir/C_/Users/einar.rosdahl/.pico-sdk/sdk/2.2.0/src/rp2_common/pico_cyw43_driver/cyw43_driver.c.obj
 .text.cyw43_do_poll
                0x10010d94       0x70 CMakeFiles/Bluetooch_trebuche_v2.dir/C_/Users/einar.rosdahl/.pico-sdk/sdk/2.2.0/src/rp2_common/pico_cyw43_driver/cyw43_driver.c.obj
 .text.cyw43_post_poll_hook
                0x10010e04        0xc CMakeFiles/Bluetooch_trebuche_v2.dir/C_/Users/einar.rosdahl/.pico-sdk/sdk/2.2.0/src/rp2_common/pico_cyw43_driver/cyw43_driver.c.obj
                0x10010e04                cyw43_post_poll_hook
 .text.cyw43_schedule_internal_poll_dispatch
                0x10010e10       0x14 CMakeFiles/Bluetooch_trebuche_v2.dir/C_/Users/einar.rosdahl/.pico-sdk/sdk/2.2.0/src/rp2_common/pico_cyw43_driver/cyw43_driver.c.obj
                0x10010e10                cyw43_schedule_internal_poll_dispatch
 .text.cyw43_driver_init
                0x10010e24       0x38 CMakeFiles/Bluetooch_trebuche_v2.dir/C_/Users/einar.rosdahl/.pico-sdk/sdk/2.2.0/src/rp2_common/pico_cyw43_driver/cyw43_driver.c.obj
                0x10010e24                cyw43_driver_init
 .text.cyw43_driver_deinit
                0x10010e5c       0x48 CMakeFiles/Bluetooch_trebuche_v2.dir/C_/Users/einar.rosdahl/.pico-sdk/sdk/2.2.0/src/rp2_common/pico_cyw43_driver/cyw43_driver.c.obj
                0x10010e5c                cyw43_driver_deinit
 .text.cyw43_hal_generate_laa_mac
                0x10010ea4       0x28 CMakeFiles/Bluetooch_trebuche_v2.dir/C_/Users/einar.rosdahl/.pico-sdk/sdk/2.2.0/src/rp2_common/pico_cyw43_driver/cyw43_driver.c.obj
                0x10010ea4                cyw43_hal_generate_laa_mac
 .text.cyw43_hal_get_mac
                0x10010ecc       0x14 CMakeFiles/Bluetooch_trebuche_v2.dir/C_/Users/einar.rosdahl/.pico-sdk/sdk/2.2.0/src/rp2_common/pico_cyw43_driver/cyw43_driver.c.obj
                0x10010ecc                cyw43_hal_get_mac
 .text.cyw43_thread_enter
                0x10010ee0       0x10 CMakeFiles/Bluetooch_trebuche_v2.dir/C_/Users/einar.rosdahl/.pico-sdk/sdk/2.2.0/src/rp2_common/pico_cyw43_driver/cyw43_driver.c.obj
                0x10010ee0                cyw43_thread_enter
 .text.cyw43_thread_exit
                0x10010ef0       0x10 CMakeFiles/Bluetooch_trebuche_v2.dir/C_/Users/einar.rosdahl/.pico-sdk/sdk/2.2.0/src/rp2_common/pico_cyw43_driver/cyw43_driver.c.obj
                0x10010ef0                cyw43_thread_exit
 .text.cyw43_await_background_or_timeout_us
                0x10010f00       0x6c CMakeFiles/Bluetooch_trebuche_v2.dir/C_/Users/einar.rosdahl/.pico-sdk/sdk/2.2.0/src/rp2_common/pico_cyw43_driver/cyw43_driver.c.obj
                0x10010f00                cyw43_await_background_or_timeout_us
 .text.cyw43_delay_ms
                0x10010f6c       0x40 CMakeFiles/Bluetooch_trebuche_v2.dir/C_/Users/einar.rosdahl/.pico-sdk/sdk/2.2.0/src/rp2_common/pico_cyw43_driver/cyw43_driver.c.obj
                0x10010f6c                cyw43_delay_ms
 .text.cyw43_delay_us
                0x10010fac       0x38 CMakeFiles/Bluetooch_trebuche_v2.dir/C_/Users/einar.rosdahl/.pico-sdk/sdk/2.2.0/src/rp2_common/pico_cyw43_driver/cyw43_driver.c.obj
                0x10010fac                cyw43_delay_us
 .text.async_context_threadsafe_background_acquire_lock_blocking
                0x10010fe4        0x8 CMakeFiles/Bluetooch_trebuche_v2.dir/C_/Users/einar.rosdahl/.pico-sdk/sdk/2.2.0/src/rp2_common/pico_async_context/async_context_threadsafe_background.c.obj
 .text.alarm_handler
                0x10010fec       0x20 CMakeFiles/Bluetooch_trebuche_v2.dir/C_/Users/einar.rosdahl/.pico-sdk/sdk/2.2.0/src/rp2_common/pico_async_context/async_context_threadsafe_background.c.obj
 .text.async_context_threadsafe_background_set_work_pending
                0x1001100c       0x1c CMakeFiles/Bluetooch_trebuche_v2.dir/C_/Users/einar.rosdahl/.pico-sdk/sdk/2.2.0/src/rp2_common/pico_async_context/async_context_threadsafe_background.c.obj
 .text.process_under_lock
                0x10011028       0xb0 CMakeFiles/Bluetooch_trebuche_v2.dir/C_/Users/einar.rosdahl/.pico-sdk/sdk/2.2.0/src/rp2_common/pico_async_context/async_context_threadsafe_background.c.obj
 .text.async_context_threadsafe_background_execute_sync
                0x100110d8       0x3c CMakeFiles/Bluetooch_trebuche_v2.dir/C_/Users/einar.rosdahl/.pico-sdk/sdk/2.2.0/src/rp2_common/pico_async_context/async_context_threadsafe_background.c.obj
                0x100110d8                async_context_threadsafe_background_execute_sync
 .text.async_context_threadsafe_background_deinit
                0x10011114       0x5c CMakeFiles/Bluetooch_trebuche_v2.dir/C_/Users/einar.rosdahl/.pico-sdk/sdk/2.2.0/src/rp2_common/pico_async_context/async_context_threadsafe_background.c.obj
 .text.low_priority_irq_handler
                0x10011170       0x40 CMakeFiles/Bluetooch_trebuche_v2.dir/C_/Users/einar.rosdahl/.pico-sdk/sdk/2.2.0/src/rp2_common/pico_async_context/async_context_threadsafe_background.c.obj
 .text.async_context_threadsafe_background_wait_for_work_until
                0x100111b0        0x8 CMakeFiles/Bluetooch_trebuche_v2.dir/C_/Users/einar.rosdahl/.pico-sdk/sdk/2.2.0/src/rp2_common/pico_async_context/async_context_threadsafe_background.c.obj
 .text.async_context_threadsafe_background_wait_until
                0x100111b8       0x14 CMakeFiles/Bluetooch_trebuche_v2.dir/C_/Users/einar.rosdahl/.pico-sdk/sdk/2.2.0/src/rp2_common/pico_async_context/async_context_threadsafe_background.c.obj
 .text.async_context_threadsafe_background_lock_check
                0x100111cc       0x24 CMakeFiles/Bluetooch_trebuche_v2.dir/C_/Users/einar.rosdahl/.pico-sdk/sdk/2.2.0/src/rp2_common/pico_async_context/async_context_threadsafe_background.c.obj
 .text.async_context_threadsafe_background_release_lock